Component: ARM Compiler 5.06 update 3 (build 300) Tool: armlink [4d35c9]

==============================================================================

Section Cross References

    startup_stm32f429xx.o(STACK) refers (Special) to heapauxi.o(.text) for __use_two_region_memory
    startup_stm32f429xx.o(HEAP) refers (Special) to heapauxi.o(.text) for __use_two_region_memory
    startup_stm32f429xx.o(RESET) refers (Special) to heapauxi.o(.text) for __use_two_region_memory
    startup_stm32f429xx.o(RESET) refers to startup_stm32f429xx.o(STACK) for __initial_sp
    startup_stm32f429xx.o(RESET) refers to startup_stm32f429xx.o(.text) for Reset_Handler
    startup_stm32f429xx.o(RESET) refers to test.o(i.HardFault_Handler) for HardFault_Handler
    startup_stm32f429xx.o(RESET) refers to os_cpu_a.o(.text) for PendSV_Handler
    startup_stm32f429xx.o(RESET) refers to delay.o(i.SysTick_Handler) for SysTick_Handler
    startup_stm32f429xx.o(RESET) refers to rtc.o(i.RTC_WKUP_IRQHandler) for RTC_WKUP_IRQHandler
    startup_stm32f429xx.o(RESET) refers to timer.o(i.TIM3_IRQHandler) for TIM3_IRQHandler
    startup_stm32f429xx.o(RESET) refers to usart.o(i.USART1_IRQHandler) for USART1_IRQHandler
    startup_stm32f429xx.o(RESET) refers to usart3.o(i.USART3_IRQHandler) for USART3_IRQHandler
    startup_stm32f429xx.o(RESET) refers to rtc.o(i.RTC_Alarm_IRQHandler) for RTC_Alarm_IRQHandler
    startup_stm32f429xx.o(RESET) refers to sdio_sdcard.o(i.SDIO_IRQHandler) for SDIO_IRQHandler
    startup_stm32f429xx.o(RESET) refers to timer.o(i.TIM5_IRQHandler) for TIM5_IRQHandler
    startup_stm32f429xx.o(RESET) refers to timer.o(i.TIM7_IRQHandler) for TIM7_IRQHandler
    startup_stm32f429xx.o(RESET) refers to sai.o(i.DMA2_Stream3_IRQHandler) for DMA2_Stream3_IRQHandler
    startup_stm32f429xx.o(RESET) refers to sai.o(i.DMA2_Stream5_IRQHandler) for DMA2_Stream5_IRQHandler
    startup_stm32f429xx.o(.text) refers (Special) to heapauxi.o(.text) for __use_two_region_memory
    startup_stm32f429xx.o(.text) refers to __main.o(!!!main) for __main
    startup_stm32f429xx.o(.text) refers to startup_stm32f429xx.o(HEAP) for Heap_Mem
    startup_stm32f429xx.o(.text) refers to startup_stm32f429xx.o(STACK) for Stack_Mem
    test.o(i.HardFault_Handler) refers to _printf_pad.o(.text) for _printf_pre_padding
    test.o(i.HardFault_Handler) refers to _printf_percent.o(.ARM.Collect$$_printf_percent$$00000000) for _printf_percent
    test.o(i.HardFault_Handler) refers to _printf_x.o(.ARM.Collect$$_printf_percent$$0000000C) for _printf_x
    test.o(i.HardFault_Handler) refers to _printf_hex_int_ll_ptr.o(.text) for _printf_longlong_hex
    test.o(i.HardFault_Handler) refers to __2printf.o(.text) for __2printf
    test.o(i.main) refers to test.o(i.system_init) for system_init
    test.o(i.main) refers to os_core.o(i.OSInit) for OSInit
    test.o(i.main) refers to os_task.o(i.OSTaskCreateExt) for OSTaskCreateExt
    test.o(i.main) refers to os_core.o(i.OSStart) for OSStart
    test.o(i.main) refers to test.o(.bss) for .bss
    test.o(i.main) refers to test.o(i.start_task) for start_task
    test.o(i.main_task) refers to spb.o(i.spb_init) for spb_init
    test.o(i.main_task) refers to spb.o(i.spb_load_mui) for spb_load_mui
    test.o(i.main_task) refers to spblcd.o(i.slcd_frame_show) for slcd_frame_show
    test.o(i.main_task) refers to spb.o(i.spb_move_chk) for spb_move_chk
    test.o(i.main_task) refers to delay.o(i.delay_ms) for delay_ms
    test.o(i.main_task) refers to spb.o(i.spb_stabar_msg_show) for spb_stabar_msg_show
    test.o(i.main_task) refers to audioplay.o(i.audio_play) for audio_play
    test.o(i.main_task) refers to spb.o(.bss) for spbdev
    test.o(i.main_task) refers to test.o(.data) for .data
    test.o(i.start_task) refers to os_core.o(i.OSStatInit) for OSStatInit
    test.o(i.start_task) refers to common.o(i.app_srand) for app_srand
    test.o(i.start_task) refers to os_mbox.o(i.OSMboxCreate) for OSMboxCreate
    test.o(i.start_task) refers to os_cpu_a.o(.text) for OS_CPU_SR_Save
    test.o(i.start_task) refers to os_task.o(i.OSTaskCreateExt) for OSTaskCreateExt
    test.o(i.start_task) refers to os_task.o(i.OSTaskSuspend) for OSTaskSuspend
    test.o(i.start_task) refers to os_core.o(.data) for OSTime
    test.o(i.start_task) refers to audioplay.o(.data) for audiombox
    test.o(i.start_task) refers to test.o(.bss) for .bss
    test.o(i.start_task) refers to test.o(i.main_task) for main_task
    test.o(i.start_task) refers to test.o(i.watch_task) for watch_task
    test.o(i.system_error_show) refers to lcd.o(i.LCD_ShowString) for LCD_ShowString
    test.o(i.system_error_show) refers to delay.o(i.delay_ms) for delay_ms
    test.o(i.system_error_show) refers to lcd.o(i.LCD_Fill) for LCD_Fill
    test.o(i.system_error_show) refers to lcd.o(.data) for POINT_COLOR
    test.o(i.system_error_show) refers to lcd.o(.bss) for lcddev
    test.o(i.system_error_show_pass) refers to pcf8574.o(i.PCF8574_WriteBit) for PCF8574_WriteBit
[...]
    0x08008632   0x08008632   0x00000054   Code   RO          661    i.LCD_ShowString    lcd.o
    0x08008686   0x08008686   0x00000086   Code   RO          662    i.LCD_ShowxNum      lcd.o
    0x0800870c   0x0800870c   0x00000018   Code   RO          663    i.LCD_WR_DATA       lcd.o
    0x08008724   0x08008724   0x00000018   Code   RO          664    i.LCD_WR_REG        lcd.o
    0x0800873c   0x0800873c   0x00000014   Code   RO          666    i.LCD_WriteRAM_Prepare  lcd.o
    0x08008750   0x08008750   0x00000010   Code   RO          667    i.LCD_WriteReg      lcd.o
    0x08008760   0x08008760   0x00000038   Code   RO          572    i.LED_Init          led.o
    0x08008798   0x08008798   0x00000020   Code   RO          854    i.LTDC_Clear        ltdc.o
    0x080087b8   0x080087b8   0x00000078   Code   RO          855    i.LTDC_Clk_Set      ltdc.o
    0x08008830   0x08008830   0x000000b0   Code   RO          856    i.LTDC_Color_Fill   ltdc.o
    0x080088e0   0x080088e0   0x00000028   Code   RO          857    i.LTDC_Display_Dir  ltdc.o
    0x08008908   0x08008908   0x0000003c   Code   RO          858    i.LTDC_Draw_Point   ltdc.o
    0x08008944   0x08008944   0x000000ac   Code   RO          859    i.LTDC_Fill         ltdc.o
    0x080089f0   0x080089f0   0x00000344   Code   RO          860    i.LTDC_Init         ltdc.o
    0x08008d34   0x08008d34   0x00000048   Code   RO          861    i.LTDC_Layer_Parameter_Config  ltdc.o
    0x08008d7c   0x08008d7c   0x00000048   Code   RO          862    i.LTDC_Layer_Switch  ltdc.o
    0x08008dc4   0x08008dc4   0x000000e8   Code   RO          863    i.LTDC_Layer_Window_Config  ltdc.o
    0x08008eac   0x08008eac   0x00000094   Code   RO          864    i.LTDC_PanelID_Read  ltdc.o
    0x08008f40   0x08008f40   0x00000038   Code   RO          865    i.LTDC_Read_Point   ltdc.o
    0x08008f78   0x08008f78   0x00000020   Code   RO          867    i.LTDC_Switch       ltdc.o
    0x08008f98   0x08008f98   0x00000026   Code   RO         8489    i.MP3ClearBadFrame  mp3dec.o
    0x08008fbe   0x08008fbe   0x000002f4   Code   RO         8490    i.MP3Decode         mp3dec.o
    0x080092b2   0x080092b2   0x0000002c   Code   RO         8491    i.MP3FindSyncWord   mp3dec.o
    0x080092de   0x080092de   0x0000000a   Code   RO         8492    i.MP3FreeDecoder    mp3dec.o
    0x080092e8   0x080092e8   0x00000064   Code   RO         8493    i.MP3GetLastFrameInfo  mp3dec.o
    0x0800934c   0x0800934c   0x00000032   Code   RO         8494    i.MP3GetNextFrameInfo  mp3dec.o
    0x0800937e   0x0800937e   0x00000004   Code   RO         8495    i.MP3InitDecoder    mp3dec.o
    0x08009382   0x08009382   0x0000004a   Code   RO          420    i.MY_NVIC_Init      sys.o
    0x080093cc   0x080093cc   0x00000024   Code   RO          421    i.MY_NVIC_PriorityGroupConfig  sys.o
    0x080093f0   0x080093f0   0x00000010   Code   RO          422    i.MY_NVIC_SetVectorTable  sys.o
    0x08009400   0x08009400   0x000001a4   Code   RO         1428    i.NAND_CopyPageWithWrite  nand.o
    0x080095a4   0x080095a4   0x00000078   Code   RO         1429    i.NAND_CopyPageWithoutWrite  nand.o
    0x0800961c   0x0800961c   0x00000010   Code   RO         1430    i.NAND_Delay        nand.o
    0x0800962c   0x0800962c   0x00000094   Code   RO         1431    i.NAND_ECC_Correction  nand.o
    0x080096c0   0x080096c0   0x00000030   Code   RO         1432    i.NAND_ECC_Get_OE   nand.o
    0x080096f0   0x080096f0   0x00000054   Code   RO         1433    i.NAND_EraseBlock   nand.o
    0x08009744   0x08009744   0x0000018c   Code   RO         1435    i.NAND_Init         nand.o
    0x080098d0   0x080098d0   0x00000034   Code   RO         1436    i.NAND_ModeSet      nand.o
    0x08009904   0x08009904   0x00000048   Code   RO         1437    i.NAND_ReadID       nand.o
    0x0800994c   0x0800994c   0x0000023c   Code   RO         1438    i.NAND_ReadPage     nand.o
    0x08009b88   0x08009b88   0x00000068   Code   RO         1439    i.NAND_ReadPageComp  nand.o
    0x08009bf0   0x08009bf0   0x00000020   Code   RO         1440    i.NAND_ReadSpare    nand.o
    0x08009c10   0x08009c10   0x00000054   Code   RO         1441    i.NAND_ReadStatus   nand.o
    0x08009c64   0x08009c64   0x0000001c   Code   RO         1442    i.NAND_Reset        nand.o
    0x08009c80   0x08009c80   0x00000028   Code   RO         1443    i.NAND_WaitForReady  nand.o
    0x08009ca8   0x08009ca8   0x0000003c   Code   RO         1444    i.NAND_WaitRB       nand.o
    0x08009ce4   0x08009ce4   0x00000150   Code   RO         1445    i.NAND_WritePage    nand.o
    0x08009e34   0x08009e34   0x00000050   Code   RO         1446    i.NAND_WritePageConst  nand.o
    0x08009e84   0x08009e84   0x00000020   Code   RO         1447    i.NAND_WriteSpare   nand.o
    0x08009ea4   0x08009ea4   0x000000d0   Code   RO         7344    i.OSInit            os_core.o
    0x08009f74   0x08009f74   0x00000024   Code   RO         7984    i.OSInitHookBegin   os_cpu_c.o
    0x08009f98   0x08009f98   0x00000002   Code   RO         7985    i.OSInitHookEnd     os_cpu_c.o
    0x08009f9a   0x08009f9a   0x00000002   PAD
    0x08009f9c   0x08009f9c   0x00000018   Code   RO         7345    i.OSIntEnter        os_core.o
    0x08009fb4   0x08009fb4   0x0000005c   Code   RO         7346    i.OSIntExit         os_core.o
    0x0800a010   0x0800a010   0x00000048   Code   RO         7605    i.OSMboxCreate      os_mbox.o
    0x0800a058   0x0800a058   0x000000c8   Code   RO         7607    i.OSMboxPend        os_mbox.o
    0x0800a120   0x0800a120   0x0000004c   Code   RO         7609    i.OSMboxPost        os_mbox.o
    0x0800a16c   0x0800a16c   0x0000002c   Code   RO         7347    i.OSSchedLock       os_core.o
    0x0800a198   0x0800a198   0x0000003c   Code   RO         7348    i.OSSchedUnlock     os_core.o
    0x0800a1d4   0x0800a1d4   0x00000030   Code   RO         7349    i.OSStart           os_core.o
    0x0800a204   0x0800a204   0x00000034   Code   RO         7350    i.OSStatInit        os_core.o
    0x0800a238   0x0800a238   0x00000002   Code   RO         7986    i.OSTCBInitHook     os_cpu_c.o
    0x0800a23a   0x0800a23a   0x00000002   PAD
    0x0800a23c   0x0800a23c   0x00000088   Code   RO         7838    i.OSTaskCreate      os_task.o
    0x0800a2c4   0x0800a2c4   0x0000009c   Code   RO         7839    i.OSTaskCreateExt   os_task.o
    0x0800a360   0x0800a360   0x00000002   Code   RO         7987    i.OSTaskCreateHook  os_cpu_c.o
    0x0800a362   0x0800a362   0x00000002   PAD
    0x0800a364   0x0800a364   0x00000134   Code   RO         7840    i.OSTaskDel         os_task.o
    0x0800a498   0x0800a498   0x00000002   Code   RO         7988    i.OSTaskDelHook     os_cpu_c.o
    0x0800a49a   0x0800a49a   0x00000002   Code   RO         7989    i.OSTaskIdleHook    os_cpu_c.o
    0x0800a49c   0x0800a49c   0x00000054   Code   RO         7843    i.OSTaskNameSet     os_task.o
    0x0800a4f0   0x0800a4f0   0x00000002   Code   RO         7990    i.OSTaskReturnHook  os_cpu_c.o
    0x0800a4f2   0x0800a4f2   0x00000002   Code   RO         7991    i.OSTaskStatHook    os_cpu_c.o
    0x0800a4f4   0x0800a4f4   0x00000068   Code   RO         7849    i.OSTaskStkChk      os_task.o
    0x0800a55c   0x0800a55c   0x000001ac   Code   RO         7992    i.OSTaskStkInit     os_cpu_c.o
    0x0800a708   0x0800a708   0x00000090   Code   RO         7850    i.OSTaskSuspend     os_task.o
    0x0800a798   0x0800a798   0x00000030   Code   RO         7993    i.OSTaskSwHook      os_cpu_c.o
    0x0800a7c8   0x0800a7c8   0x00000068   Code   RO         7939    i.OSTimeDly         os_time.o
    0x0800a830   0x0800a830   0x000000a0   Code   RO         7351    i.OSTimeTick        os_core.o
    0x0800a8d0   0x0800a8d0   0x00000002   Code   RO         7994    i.OSTimeTickHook    os_cpu_c.o
    0x0800a8d2   0x0800a8d2   0x00000002   Code   RO         7353    i.OS_Dummy          os_core.o
    0x0800a8d4   0x0800a8d4   0x00000064   Code   RO         7354    i.OS_EventTaskRdy   os_core.o
    0x0800a938   0x0800a938   0x00000024   Code   RO         7355    i.OS_EventTaskRemove  os_core.o
    0x0800a95c   0x0800a95c   0x00000048   Code   RO         7356    i.OS_EventTaskWait  os_core.o
    0x0800a9a4   0x0800a9a4   0x00000014   Code   RO         7357    i.OS_EventWaitListInit  os_core.o
    0x0800a9b8   0x0800a9b8   0x00000048   Code   RO         7532    i.OS_FlagInit       os_flag.o
    0x0800aa00   0x0800aa00   0x00000020   Code   RO         7534    i.OS_FlagUnlink     os_flag.o
    0x0800aa20   0x0800aa20   0x00000058   Code   RO         7358    i.OS_InitEventList  os_core.o
    0x0800aa78   0x0800aa78   0x00000020   Code   RO         7359    i.OS_InitMisc       os_core.o
    0x0800aa98   0x0800aa98   0x00000070   Code   RO         7360    i.OS_InitTCBList    os_core.o
    0x0800ab08   0x0800ab08   0x00000012   Code   RO         7361    i.OS_MemClr         os_core.o
    0x0800ab1a   0x0800ab1a   0x00000002   PAD
    0x0800ab1c   0x0800ab1c   0x00000044   Code   RO         7721    i.OS_QInit          os_q.o
    0x0800ab60   0x0800ab60   0x00000048   Code   RO         7363    i.OS_Sched          os_core.o
    0x0800aba8   0x0800aba8   0x00000020   Code   RO         7364    i.OS_SchedNew       os_core.o
    0x0800abc8   0x0800abc8   0x000000f0   Code   RO         7366    i.OS_TCBInit        os_core.o
    0x0800acb8   0x0800acb8   0x0000001c   Code   RO         7367    i.OS_TaskIdle       os_core.o
    0x0800acd4   0x0800acd4   0x00000018   Code   RO         7851    i.OS_TaskReturn     os_task.o
    0x0800acec   0x0800acec   0x00000068   Code   RO         7368    i.OS_TaskStat       os_core.o
    0x0800ad54   0x0800ad54   0x00000038   Code   RO         7369    i.OS_TaskStatStkChk  os_core.o
    0x0800ad8c   0x0800ad8c   0x00000016   Code   RO         7852    i.OS_TaskStkClr     os_task.o
    0x0800ada2   0x0800ada2   0x00000002   PAD
    0x0800ada4   0x0800ada4   0x000000a4   Code   RO         2350    i.OTT2001A_Init     ott2001a.o
    0x0800ae48   0x0800ae48   0x00000060   Code   RO         2351    i.OTT2001A_RD_Reg   ott2001a.o
    0x0800aea8   0x0800aea8   0x0000016c   Code   RO         2352    i.OTT2001A_Scan     ott2001a.o
    0x0800b014   0x0800b014   0x0000001e   Code   RO         2353    i.OTT2001A_SensorControl  ott2001a.o
    0x0800b032   0x0800b032   0x00000052   Code   RO         2354    i.OTT2001A_WR_Reg   ott2001a.o
    0x0800b084   0x0800b084   0x0000004c   Code   RO         2614    i.PCF8574_Init      pcf8574.o
    0x0800b0d0   0x0800b0d0   0x00000020   Code   RO         2616    i.PCF8574_ReadOneByte  pcf8574.o
    0x0800b0f0   0x0800b0f0   0x00000020   Code   RO         2617    i.PCF8574_WriteBit  pcf8574.o
    0x0800b110   0x0800b110   0x0000002a   Code   RO         2618    i.PCF8574_WriteOneByte  pcf8574.o
    0x0800b13a   0x0800b13a   0x00000002   PAD
    0x0800b13c   0x0800b13c   0x00000038   Code   RO         2703    i.RTC_Alarm_IRQHandler  rtc.o
    0x0800b174   0x0800b174   0x00000012   Code   RO         2704    i.RTC_BCD2DEC       rtc.o
    0x0800b186   0x0800b186   0x00000018   Code   RO         2705    i.RTC_DEC2BCD       rtc.o
    0x0800b19e   0x0800b19e   0x00000002   PAD
    0x0800b1a0   0x0800b1a0   0x00000040   Code   RO         2706    i.RTC_Get_Date      rtc.o
    0x0800b1e0   0x0800b1e0   0x00000040   Code   RO         2707    i.RTC_Get_Time      rtc.o
    0x0800b220   0x0800b220   0x00000148   Code   RO         2709    i.RTC_Init          rtc.o
    0x0800b368   0x0800b368   0x00000030   Code   RO         2710    i.RTC_Init_Mode     rtc.o
    0x0800b398   0x0800b398   0x0000000c   Code   RO         2711    i.RTC_Read_BKR      rtc.o
    0x0800b3a4   0x0800b3a4   0x00000058   Code   RO         2713    i.RTC_Set_Date      rtc.o
    0x0800b3fc   0x0800b3fc   0x00000058   Code   RO         2714    i.RTC_Set_Time      rtc.o
    0x0800b454   0x0800b454   0x0000003c   Code   RO         2716    i.RTC_WKUP_IRQHandler  rtc.o
    0x0800b490   0x0800b490   0x0000003c   Code   RO         2717    i.RTC_Wait_Synchro  rtc.o
    0x0800b4cc   0x0800b4cc   0x0000000c   Code   RO         2718    i.RTC_Write_BKR     rtc.o
    0x0800b4d8   0x0800b4d8   0x00000070   Code   RO         8239    i.RefillBitstreamCache  bitstream.o
    0x0800b548   0x0800b548   0x00000060   Code   RO         1897    i.SAIA_Init         sai.o
    0x0800b5a8   0x0800b5a8   0x00000098   Code   RO         1898    i.SAIA_SampleRate_Set  sai.o
    0x0800b640   0x0800b640   0x000000bc   Code   RO         1899    i.SAIA_TX_DMA_Init  sai.o
    0x0800b6fc   0x0800b6fc   0x00000010   Code   RO         1902    i.SAI_Play_Start    sai.o
    0x0800b70c   0x0800b70c   0x00000010   Code   RO         1903    i.SAI_Play_Stop     sai.o
    0x0800b71c   0x0800b71c   0x00000064   Code   RO         1064    i.SDEnWideBus       sdio_sdcard.o
    0x0800b780   0x0800b780   0x00000014   Code   RO         1065    i.SDIO_Clock_Set    sdio_sdcard.o
    0x0800b794   0x0800b794   0x00000004   Code   RO         1066    i.SDIO_IRQHandler   sdio_sdcard.o
    0x0800b798   0x0800b798   0x00000024   Code   RO         1067    i.SDIO_Send_Cmd     sdio_sdcard.o
    0x0800b7bc   0x0800b7bc   0x00000030   Code   RO         1068    i.SDIO_Send_Data_Cfg  sdio_sdcard.o
    0x0800b7ec   0x0800b7ec   0x0000028c   Code   RO          598    i.SDRAM_Init        sdram.o
    0x0800ba78   0x0800ba78   0x0000003a   Code   RO          599    i.SDRAM_Send_Cmd    sdram.o
    0x0800bab2   0x0800bab2   0x00000002   PAD
    0x0800bab4   0x0800bab4   0x00000060   Code   RO         1069    i.SD_DMA_Config     sdio_sdcard.o
    0x0800bb14   0x0800bb14   0x00000044   Code   RO         1070    i.SD_EnableWideBusOperation  sdio_sdcard.o
    0x0800bb58   0x0800bb58   0x00000218   Code   RO         1071    i.SD_GetCardInfo    sdio_sdcard.o
    0x0800bd70   0x0800bd70   0x0000001a   Code   RO         1072    i.SD_GetState       sdio_sdcard.o
    0x0800bd8a   0x0800bd8a   0x00000002   PAD
    0x0800bd8c   0x0800bd8c   0x00000150   Code   RO         1073    i.SD_Init           sdio_sdcard.o
    0x0800bedc   0x0800bedc   0x000000dc   Code   RO         1074    i.SD_InitializeCards  sdio_sdcard.o
    0x0800bfb8   0x0800bfb8   0x0000012c   Code   RO         1076    i.SD_PowerON        sdio_sdcard.o
    0x0800c0e4   0x0800c0e4   0x000000d8   Code   RO         1077    i.SD_ProcessIRQSrc  sdio_sdcard.o
    0x0800c1bc   0x0800c1bc   0x000001c8   Code   RO         1078    i.SD_ReadBlocks     sdio_sdcard.o
    0x0800c384   0x0800c384   0x00000078   Code   RO         1079    i.SD_ReadDisk       sdio_sdcard.o
    0x0800c3fc   0x0800c3fc   0x00000016   Code   RO         1080    i.SD_SelectDeselect  sdio_sdcard.o
    0x0800c412   0x0800c412   0x00000002   PAD
    0x0800c414   0x0800c414   0x00000034   Code   RO         1081    i.SD_SendStatus     sdio_sdcard.o
    0x0800c448   0x0800c448   0x00000018   Code   RO         1082    i.SD_SetDeviceMode  sdio_sdcard.o
    0x0800c460   0x0800c460   0x000002b8   Code   RO         1083    i.SD_WriteBlocks    sdio_sdcard.o
    0x0800c718   0x0800c718   0x00000070   Code   RO         1084    i.SD_WriteDisk      sdio_sdcard.o
    0x0800c788   0x0800c788   0x00000088   Code   RO         1378    i.SPI5_Init         spi.o
    0x0800c810   0x0800c810   0x0000001c   Code   RO         1379    i.SPI5_ReadWriteByte  spi.o
    0x0800c82c   0x0800c82c   0x00000028   Code   RO         1380    i.SPI5_SetSpeed     spi.o
    0x0800c854   0x0800c854   0x0000004c   Code   RO          423    i.Stm32_Clock_Init  sys.o
    0x0800c8a0   0x0800c8a0   0x00000020   Code   RO          350    i.SysTick_Handler   delay.o
    0x0800c8c0   0x0800c8c0   0x000000d4   Code   RO          424    i.Sys_Clock_Set     sys.o
    0x0800c994   0x0800c994   0x0000002c   Code   RO         1987    i.TIM3_IRQHandler   timer.o
    0x0800c9c0   0x0800c9c0   0x00000090   Code   RO         1991    i.TIM5_IRQHandler   timer.o
    0x0800ca50   0x0800ca50   0x0000003c   Code   RO         1993    i.TIM7_IRQHandler   timer.o
    0x0800ca8c   0x0800ca8c   0x00000048   Code   RO         1994    i.TIM7_Int_Init     timer.o
    0x0800cad4   0x0800cad4   0x00000178   Code   RO         2402    i.TP_Adj_Info_Show  touch.o
    0x0800cc4c   0x0800cc4c   0x000005b8   Code   RO         2403    i.TP_Adjust         touch.o
    0x0800d204   0x0800d204   0x00000070   Code   RO         2405    i.TP_Drow_Touch_Point  touch.o
    0x0800d274   0x0800d274   0x0000008c   Code   RO         2406    i.TP_Get_Adjdata    touch.o
    0x0800d300   0x0800d300   0x00000144   Code   RO         2407    i.TP_Init           touch.o
    0x0800d444   0x0800d444   0x0000008c   Code   RO         2408    i.TP_Read_AD        touch.o
    0x0800d4d0   0x0800d4d0   0x00000060   Code   RO         2409    i.TP_Read_XOY       touch.o
    0x0800d530   0x0800d530   0x00000028   Code   RO         2410    i.TP_Read_XY        touch.o
    0x0800d558   0x0800d558   0x0000007c   Code   RO         2411    i.TP_Read_XY2       touch.o
    0x0800d5d4   0x0800d5d4   0x00000078   Code   RO         2412    i.TP_Save_Adjdata   touch.o
    0x0800d64c   0x0800d64c   0x000000bc   Code   RO         2413    i.TP_Scan           touch.o
    0x0800d708   0x0800d708   0x00000048   Code   RO         2414    i.TP_Write_Byte     touch.o
    0x0800d750   0x0800d750   0x00000060   Code   RO          512    i.USART1_IRQHandler  usart.o
    0x0800d7b0   0x0800d7b0   0x0000006c   Code   RO         2877    i.USART3_IRQHandler  usart3.o
    0x0800d81c   0x0800d81c   0x0000016c   Code   RO         8554    i.UnpackSFMPEG1     scalfact.o
    0x0800d988   0x0800d988   0x00000234   Code   RO         8555    i.UnpackSFMPEG2     scalfact.o
    0x0800dbbc   0x0800dbbc   0x0000002c   Code   RO         1256    i.W25QXX_Erase_Chip  w25qxx.o
    0x0800dbe8   0x0800dbe8   0x0000006c   Code   RO         1257    i.W25QXX_Erase_Sector  w25qxx.o
    0x0800dc54   0x0800dc54   0x0000006c   Code   RO         1258    i.W25QXX_Init       w25qxx.o
    0x0800dcc0   0x0800dcc0   0x00000068   Code   RO         1260    i.W25QXX_Read       w25qxx.o
    0x0800dd28   0x0800dd28   0x00000044   Code   RO         1261    i.W25QXX_ReadID     w25qxx.o
    0x0800dd6c   0x0800dd6c   0x00000038   Code   RO         1262    i.W25QXX_ReadSR     w25qxx.o
    0x0800dda4   0x0800dda4   0x0000000e   Code   RO         1264    i.W25QXX_Wait_Busy  w25qxx.o
    0x0800ddb2   0x0800ddb2   0x000000a6   Code   RO         1265    i.W25QXX_Write      w25qxx.o
    0x0800de58   0x0800de58   0x00000020   Code   RO         1267    i.W25QXX_Write_Enable  w25qxx.o
    0x0800de78   0x0800de78   0x0000003e   Code   RO         1268    i.W25QXX_Write_NoCheck  w25qxx.o
    0x0800deb6   0x0800deb6   0x00000002   PAD
    0x0800deb8   0x0800deb8   0x0000006c   Code   RO         1269    i.W25QXX_Write_Page  w25qxx.o
    0x0800df24   0x0800df24   0x00000038   Code   RO         1741    i.WM8978_ADDA_Cfg   wm8978.o
    0x0800df5c   0x0800df5c   0x00000030   Code   RO         1742    i.WM8978_AUX_Gain   wm8978.o
    0x0800df8c   0x0800df8c   0x00000028   Code   RO         1749    i.WM8978_HPvol_Set  wm8978.o
    0x0800dfb4   0x0800dfb4   0x00000012   Code   RO         1750    i.WM8978_I2S_Cfg    wm8978.o
    0x0800dfc6   0x0800dfc6   0x00000002   PAD
    0x0800dfc8   0x0800dfc8   0x000000d0   Code   RO         1751    i.WM8978_Init       wm8978.o
    0x0800e098   0x0800e098   0x00000058   Code   RO         1752    i.WM8978_Input_Cfg  wm8978.o
    0x0800e0f0   0x0800e0f0   0x00000034   Code   RO         1753    i.WM8978_LINEIN_Gain  wm8978.o
    0x0800e124   0x0800e124   0x00000022   Code   RO         1755    i.WM8978_Output_Cfg  wm8978.o
    0x0800e146   0x0800e146   0x00000020   Code   RO         1757    i.WM8978_SPKvol_Set  wm8978.o
    0x0800e166   0x0800e166   0x00000002   PAD
    0x0800e168   0x0800e168   0x00000054   Code   RO         1758    i.WM8978_Write_Reg  wm8978.o
    0x0800e1bc   0x0800e1bc   0x00000130   Code   RO         8439    i.WinPrevious       imdct.o
    0x0800e2ec   0x0800e2ec   0x00000030   Code   RO        10394    i.__ARM_fpclassify  m_wm.l(fpclassify.o)
    0x0800e31c   0x0800e31c   0x0000007a   Code   RO        10219    i.__hardfp_sqrt     m_wm.l(sqrt.o)
    0x0800e396   0x0800e396   0x0000000e   Code   RO        10103    i._is_digit         c_w.l(__printf_wp.o)
    0x0800e3a4   0x0800e3a4   0x00000002   Code   RO          513    i._sys_exit         usart.o
    0x0800e3a6   0x0800e3a6   0x00000002   PAD
    0x0800e3a8   0x0800e3a8   0x000000ac   Code   RO         4704    i.ai_draw_init      piclib.o
    0x0800e454   0x0800e454   0x00000088   Code   RO         4705    i.ai_load_picfile   piclib.o
    0x0800e4dc   0x0800e4dc   0x00000010   Code   RO         8713    i.align_get_bits    bitstreamf.o
    0x0800e4ec   0x0800e4ec   0x0000001c   Code   RO         4783    i.alloc_pool        tjpgd.o
    0x0800e508   0x0800e508   0x0000000c   Code   RO         8877    i.ape_file_seek     apeplay.o
    0x0800e514   0x0800e514   0x00000044   Code   RO         8878    i.ape_fill_buffer   apeplay.o
    0x0800e558   0x0800e558   0x00000044   Code   RO         8879    i.ape_get_curtime   apeplay.o
    0x0800e59c   0x0800e59c   0x00000310   Code   RO         9261    i.ape_parseheader   parser.o
    0x0800e8ac   0x0800e8ac   0x00000420   Code   RO         8880    i.ape_play_song     apeplay.o
    0x0800eccc   0x0800eccc   0x00000054   Code   RO         8881    i.ape_sai_dma_tx_callback  apeplay.o
    0x0800ed20   0x0800ed20   0x00000010   Code   RO         4905    i.app_boot_cpdmsg_set  common.o
    0x0800ed30   0x0800ed30   0x0000005a   Code   RO         4907    i.app_file_check    common.o
    0x0800ed8a   0x0800ed8a   0x00000002   PAD
    0x0800ed8c   0x0800ed8c   0x0000005c   Code   RO         4908    i.app_filebrower    common.o
    0x0800ede8   0x0800ede8   0x00000020   Code   RO         4911    i.app_get_rand      common.o
    0x0800ee08   0x0800ee08   0x0000007c   Code   RO         4912    i.app_get_version   common.o
    0x0800ee84   0x0800ee84   0x0000008a   Code   RO         4914    i.app_gui_tcbar     common.o
    0x0800ef0e   0x0800ef0e   0x00000002   PAD
    0x0800ef10   0x0800ef10   0x00000048   Code   RO         4917    i.app_read_bkcolor  common.o
    0x0800ef58   0x0800ef58   0x00000044   Code   RO         4918    i.app_recover_bkcolor  common.o
    0x0800ef9c   0x0800ef9c   0x00000080   Code   RO         4921    i.app_show_mono_icos  common.o
    0x0800f01c   0x0800f01c   0x0000000c   Code   RO         4923    i.app_srand         common.o
    0x0800f028   0x0800f028   0x00000130   Code   RO         4924    i.app_system_file_check  common.o
    0x0800f158   0x0800f158   0x00000012   Code   RO         4925    i.app_system_file_chgdisk  common.o
    0x0800f16a   0x0800f16a   0x00000002   PAD
    0x0800f16c   0x0800f16c   0x00000028   Code   RO         4931    i.app_wm8978_volset  common.o
    0x0800f194   0x0800f194   0x0000002c   Code   RO         9062    i.apply_filter_16_11  filter_16_11.o
    0x0800f1c0   0x0800f1c0   0x0000002c   Code   RO         9195    i.apply_filter_64_11  filter_64_11.o
    0x0800f1ec   0x0800f1ec   0x000002b0   Code   RO         5300    i.audio_filelist    audioplay.o
    0x0800f49c   0x0800f49c   0x000003ac   Code   RO         5301    i.audio_info_upd    audioplay.o
    0x0800f848   0x0800f848   0x00000354   Code   RO         5302    i.audio_load_ui     audioplay.o
    0x0800fb9c   0x0800fb9c   0x0000009c   Code   RO         5303    i.audio_lrc_bkcolor_process  audioplay.o
    0x0800fc38   0x0800fc38   0x0000027c   Code   RO         5304    i.audio_lrc_show    audioplay.o
    0x0800feb4   0x0800feb4   0x0000047c   Code   RO         5305    i.audio_play        audioplay.o
    0x08010330   0x08010330   0x000001e4   Code   RO         5306    i.audio_play_task   audioplay.o
    0x08010514   0x08010514   0x00000078   Code   RO         5307    i.audio_show_vol    audioplay.o
    0x0801058c   0x0801058c   0x0000001c   Code   RO         5308    i.audio_start       audioplay.o
    0x080105a8   0x080105a8   0x0000001c   Code   RO         5309    i.audio_stop        audioplay.o
    0x080105c4   0x080105c4   0x00000034   Code   RO         5310    i.audio_stop_req    audioplay.o
    0x080105f8   0x080105f8   0x00000090   Code   RO         5311    i.audio_task_creat  audioplay.o
    0x08010688   0x08010688   0x00000078   Code   RO         5312    i.audio_task_delete  audioplay.o
    0x08010700   0x08010700   0x000000a0   Code   RO         5313    i.audio_time_show   audioplay.o
    0x080107a0   0x080107a0   0x0000007a   Code   RO         4784    i.bitext            tjpgd.o
    0x0801081a   0x0801081a   0x00000002   PAD
    0x0801081c   0x0801081c   0x000001e4   Code   RO         4785    i.block_idct        tjpgd.o
    0x08010a00   0x08010a00   0x000000ae   Code   RO         5451    i.btn_check         button.o
    0x08010aae   0x08010aae   0x000000dc   Code   RO         5452    i.btn_creat         button.o
    0x08010b8a   0x08010b8a   0x0000002a   Code   RO         5453    i.btn_delete        button.o
    0x08010bb4   0x08010bb4   0x00000042   Code   RO         5454    i.btn_draw          button.o
    0x08010bf6   0x08010bf6   0x000000ee   Code   RO         5455    i.btn_draw_arcbtn   button.o
    0x08010ce4   0x08010ce4   0x00000080   Code   RO         5456    i.btn_draw_picbtn   button.o
    0x08010d64   0x08010d64   0x0000018e   Code   RO         5457    i.btn_draw_stdbtn   button.o
    0x08010ef2   0x08010ef2   0x00000058   Code   RO         5458    i.btn_draw_textabtn  button.o
    0x08010f4a   0x08010f4a   0x00000074   Code   RO         5459    i.btn_draw_textbbtn  button.o
    0x08010fbe   0x08010fbe   0x00000002   PAD
    0x08010fc0   0x08010fc0   0x00000050   Code   RO         5461    i.btn_read_backcolor  button.o
    0x08011010   0x08011010   0x00000050   Code   RO         5462    i.btn_recover_backcolor  button.o
    0x08011060   0x08011060   0x00000024   Code   RO         4068    i.calendar_get_date  diskio.o
    0x08011084   0x08011084   0x0000000e   Code   RO         4069    i.calendar_get_time  diskio.o
    0x08011092   0x08011092   0x00000076   Code   RO         3660    i.change_bitmap     ff.o
    0x08011108   0x08011108   0x0000000e   Code   RO         4176    i.char_upper        exfuns.o
    0x08011116   0x08011116   0x00000002   PAD
    0x08011118   0x08011118   0x00000074   Code   RO         3661    i.check_fs          ff.o
    0x0801118c   0x0801118c   0x00000010   Code   RO         3662    i.chk_chr           ff.o
    0x0801119c   0x0801119c   0x00000032   Code   RO         3663    i.clmt_clust        ff.o
    0x080111ce   0x080111ce   0x00000018   Code   RO         3664    i.clust2sect        ff.o
    0x080111e6   0x080111e6   0x00000002   PAD
    0x080111e8   0x080111e8   0x00000084   Code   RO         3665    i.cmp_lfn           ff.o
    0x0801126c   0x0801126c   0x0000010e   Code   RO         3666    i.create_chain      ff.o
    0x0801137a   0x0801137a   0x000000ca   Code   RO         4786    i.create_huffman_tbl  tjpgd.o
    0x08011444   0x08011444   0x00000218   Code   RO         3667    i.create_name       ff.o
    0x0801165c   0x0801165c   0x0000007c   Code   RO         3668    i.create_xdir       ff.o
    0x080116d8   0x080116d8   0x00000128   Code   RO         8936    i.decode_chunk      apedecoder.o
    0x08011800   0x08011800   0x00000198   Code   RO         8756    i.decode_frame      flacdecoder.o
    0x08011998   0x08011998   0x000000b4   Code   RO         8757    i.decode_residuals  flacdecoder.o
    0x08011a4c   0x08011a4c   0x000000fa   Code   RO         8758    i.decode_subframe   flacdecoder.o
    0x08011b46   0x08011b46   0x000000c2   Code   RO         8759    i.decode_subframe_fixed  flacdecoder.o
    0x08011c08   0x08011c08   0x00000154   Code   RO         8760    i.decode_subframe_lpc  flacdecoder.o
    0x08011d5c   0x08011d5c   0x00000038   Code   RO          351    i.delay_init        delay.o
    0x08011d94   0x08011d94   0x00000044   Code   RO          352    i.delay_ms          delay.o
    0x08011dd8   0x08011dd8   0x00000044   Code   RO          356    i.delay_us          delay.o
    0x08011e1c   0x08011e1c   0x00000058   Code   RO         3669    i.dir_alloc         ff.o
    0x08011e74   0x08011e74   0x0000013c   Code   RO         3670    i.dir_find          ff.o
    0x08011fb0   0x08011fb0   0x00000104   Code   RO         3671    i.dir_next          ff.o
    0x080120b4   0x080120b4   0x000000e6   Code   RO         3672    i.dir_read          ff.o
    0x0801219a   0x0801219a   0x00000002   PAD
    0x0801219c   0x0801219c   0x0000023c   Code   RO         3673    i.dir_register      ff.o
    0x080123d8   0x080123d8   0x00000096   Code   RO         3675    i.dir_sdi           ff.o
    0x0801246e   0x0801246e   0x00000028   Code   RO         4070    i.disk_initialize   diskio.o
    0x08012496   0x08012496   0x00000002   PAD
    0x08012498   0x08012498   0x000000ac   Code   RO         4071    i.disk_ioctl        diskio.o
    0x08012544   0x08012544   0x00000066   Code   RO         4072    i.disk_read         diskio.o
    0x080125aa   0x080125aa   0x00000004   Code   RO         4073    i.disk_status       diskio.o
    0x080125ae   0x080125ae   0x00000066   Code   RO         4074    i.disk_write        diskio.o
    0x08012614   0x08012614   0x000000a6   Code   RO         9063    i.do_apply_filter_3970  filter_16_11.o
    0x080126ba   0x080126ba   0x000000ac   Code   RO         9196    i.do_apply_filter_3970  filter_64_11.o
    0x08012766   0x08012766   0x000000fe   Code   RO         9064    i.do_apply_filter_3980  filter_16_11.o
    0x08012864   0x08012864   0x00000104   Code   RO         9197    i.do_apply_filter_3980  filter_64_11.o
    0x08012968   0x08012968   0x00000024   Code   RO         9065    i.do_init_filter    filter_16_11.o
    0x0801298c   0x0801298c   0x00000026   Code   RO         9198    i.do_init_filter    filter_64_11.o
    0x080129b2   0x080129b2   0x00000002   PAD
    0x080129b4   0x080129b4   0x000000b4   Code   RO         8982    i.entropy_decode    entropy.o
    0x08012a68   0x08012a68   0x00000088   Code   RO         8983    i.entropy_decode3970  entropy.o
    0x08012af0   0x08012af0   0x000000c0   Code   RO         8984    i.entropy_decode3980  entropy.o
    0x08012bb0   0x08012bb0   0x0000002e   Code   RO         4181    i.exf_getfree       exfuns.o
    0x08012bde   0x08012bde   0x00000002   PAD
    0x08012be0   0x08012be0   0x00000064   Code   RO         4182    i.exfuns_init       exfuns.o
    0x08012c44   0x08012c44   0x00000026   Code   RO         3676    i.f_close           ff.o
    0x08012c6a   0x08012c6a   0x0000001e   Code   RO         3677    i.f_closedir        ff.o
    0x08012c88   0x08012c88   0x0000011e   Code   RO         3678    i.f_getfree         ff.o
    0x08012da6   0x08012da6   0x000000f8   Code   RO         3679    i.f_getlabel        ff.o
    0x08012e9e   0x08012e9e   0x00000044   Code   RO         3680    i.f_gets            ff.o
    0x08012ee2   0x08012ee2   0x000002d0   Code   RO         3681    i.f_lseek           ff.o
    0x080131b2   0x080131b2   0x00000002   PAD
    0x080131b4   0x080131b4   0x000004c4   Code   RO         3683    i.f_mkfs            ff.o
    0x08013678   0x08013678   0x00000058   Code   RO         3684    i.f_mount           ff.o
    0x080136d0   0x080136d0   0x00000282   Code   RO         3685    i.f_open            ff.o
    0x08013952   0x08013952   0x000000e0   Code   RO         3686    i.f_opendir         ff.o
    0x08013a32   0x08013a32   0x0000019a   Code   RO         3690    i.f_read            ff.o
    0x08013bcc   0x08013bcc   0x00000082   Code   RO         3691    i.f_readdir         ff.o
    0x08013c4e   0x08013c4e   0x00000002   PAD
    0x08013c50   0x08013c50   0x000001f0   Code   RO         3693    i.f_setlabel        ff.o
    0x08013e40   0x08013e40   0x00000162   Code   RO         3695    i.f_sync            ff.o
    0x08013fa2   0x08013fa2   0x00000002   PAD
    0x08013fa4   0x08013fa4   0x00000088   Code   RO         4183    i.f_typetell        exfuns.o
    0x0801402c   0x0801402c   0x00000070   Code   RO         4408    i.ff_convert        mycc936.o
    0x0801409c   0x0801409c   0x00000048   Code   RO         4075    i.ff_enter          diskio.o
    0x080140e4   0x080140e4   0x00000030   Code   RO         4076    i.ff_leave          diskio.o
    0x08014114   0x08014114   0x00000008   Code   RO         4077    i.ff_memalloc       diskio.o
    0x0801411c   0x0801411c   0x00000008   Code   RO         4078    i.ff_memfree        diskio.o
    0x08014124   0x08014124   0x00000024   Code   RO         4409    i.ff_wtoupper       mycc936.o
    0x08014148   0x08014148   0x00000040   Code   RO         5645    i.filelist_delete   filelistbox.o
    0x08014188   0x08014188   0x00000022   Code   RO         5646    i.filelist_search   filelistbox.o
    0x080141aa   0x080141aa   0x00000002   PAD
    0x080141ac   0x080141ac   0x00000120   Code   RO         5648    i.filelistbox_add_disk  filelistbox.o
    0x080142cc   0x080142cc   0x00000096   Code   RO         5649    i.filelistbox_addlist  filelistbox.o
    0x08014362   0x08014362   0x00000070   Code   RO         5650    i.filelistbox_back  filelistbox.o
    0x080143d2   0x080143d2   0x00000002   PAD
    0x080143d4   0x080143d4   0x000004d0   Code   RO         5651    i.filelistbox_check  filelistbox.o
    0x080148a4   0x080148a4   0x0000013c   Code   RO         5652    i.filelistbox_check_filelist  filelistbox.o
    0x080149e0   0x080149e0   0x000000fc   Code   RO         5653    i.filelistbox_creat  filelistbox.o
    0x08014adc   0x08014adc   0x00000028   Code   RO         5654    i.filelistbox_delete  filelistbox.o
    0x08014b04   0x08014b04   0x00000150   Code   RO         5655    i.filelistbox_draw_list  filelistbox.o
    0x08014c54   0x08014c54   0x00000060   Code   RO         5656    i.filelistbox_draw_listbox  filelistbox.o
    0x08014cb4   0x08014cb4   0x00000018   Code   RO         5657    i.filelistbox_get_pathdepth  filelistbox.o
    0x08014ccc   0x08014ccc   0x00000142   Code   RO         5659    i.filelistbox_scan_filelist  filelistbox.o
    0x08014e0e   0x08014e0e   0x00000002   PAD
    0x08014e10   0x08014e10   0x0000020c   Code   RO         5660    i.filelistbox_show_info  filelistbox.o
    0x0801501c   0x0801501c   0x00000124   Code   RO         5661    i.filelistbox_show_path  filelistbox.o
    0x08015140   0x08015140   0x0000002e   Code   RO         3699    i.fill_fat_chain    ff.o
    0x0801516e   0x0801516e   0x00000092   Code   RO         3700    i.find_bitmap       ff.o
    0x08015200   0x08015200   0x00000358   Code   RO         3701    i.find_volume       ff.o
    0x08015558   0x08015558   0x000000d6   Code   RO         8761    i.flac_decode_frame16  flacdecoder.o
    0x0801562e   0x0801562e   0x000000aa   Code   RO         8762    i.flac_decode_frame24  flacdecoder.o
    0x080156d8   0x080156d8   0x00000028   Code   RO         8645    i.flac_file_seek    flacplay.o
    0x08015700   0x08015700   0x00000044   Code   RO         8646    i.flac_get_curtime  flacplay.o
    0x08015744   0x08015744   0x0000016c   Code   RO         8647    i.flac_init         flacplay.o
    0x080158b0   0x080158b0   0x00000464   Code   RO         8648    i.flac_play_song    flacplay.o
    0x08015d14   0x08015d14   0x00000084   Code   RO         8649    i.flac_sai_dma_tx_callback  flacplay.o
    0x08015d98   0x08015d98   0x0000006c   Code   RO         8763    i.flac_seek_frame   flacdecoder.o
    0x08015e04   0x08015e04   0x000000b4   Code   RO         3702    i.follow_path       ff.o
    0x08015eb8   0x08015eb8   0x00000040   Code   RO         4439    i.font_init         fontupd.o
    0x08015ef8   0x08015ef8   0x00000014   Code   RO          515    i.fputc             usart.o
    0x08015f0c   0x08015f0c   0x00000084   Code   RO         4440    i.fupd_prog         fontupd.o
    0x08015f90   0x08015f90   0x0000008c   Code   RO         3703    i.gen_numname       ff.o
    0x0801601c   0x0801601c   0x00000024   Code   RO         8764    i.get_bits          flacdecoder.o
    0x08016040   0x08016040   0x0000001c   Code   RO         8765    i.get_bits1         flacdecoder.o
    0x0801605c   0x0801605c   0x00000126   Code   RO         3704    i.get_fat           ff.o
    0x08016182   0x08016182   0x00000002   PAD
    0x08016184   0x08016184   0x00000048   Code   RO         4079    i.get_fattime       diskio.o
    0x080161cc   0x080161cc   0x00000106   Code   RO         3705    i.get_fileinfo      ff.o
    0x080162d2   0x080162d2   0x0000003c   Code   RO         3706    i.get_ldnumber      ff.o
    0x0801630e   0x0801630e   0x00000024   Code   RO         8766    i.get_sbits         flacdecoder.o
    0x08016332   0x08016332   0x00000002   PAD
    0x08016334   0x08016334   0x000000c0   Code   RO         8767    i.get_ur_golomb_jpegls  flacdecoder.o
    0x080163f4   0x080163f4   0x00000070   Code   RO         8768    i.get_utf8          flacdecoder.o
    0x08016464   0x08016464   0x0000008a   Code   RO         3707    i.get_xdir_info     ff.o
    0x080164ee   0x080164ee   0x0000004e   Code   RO         4585    i.gif_check_head    gif.o
    0x0801653c   0x0801653c   0x0000014c   Code   RO         4586    i.gif_clear2bkcolor  gif.o
    0x08016688   0x08016688   0x00000108   Code   RO         4587    i.gif_decode        gif.o
    0x08016790   0x08016790   0x000001a0   Code   RO         4588    i.gif_dispimage     gif.o
    0x08016930   0x08016930   0x0000011e   Code   RO         4589    i.gif_drawimage     gif.o
    0x08016a4e   0x08016a4e   0x0000003c   Code   RO         4590    i.gif_getdatablock  gif.o
    0x08016a8a   0x08016a8a   0x00000036   Code   RO         4591    i.gif_getinfo       gif.o
    0x08016ac0   0x08016ac0   0x0000023c   Code   RO         4592    i.gif_getnextbyte   gif.o
    0x08016cfc   0x08016cfc   0x00000124   Code   RO         4593    i.gif_getnextcode   gif.o
    0x08016e20   0x08016e20   0x00000018   Code   RO         4594    i.gif_getrgb565     gif.o
    0x08016e38   0x08016e38   0x0000008a   Code   RO         4595    i.gif_initlzw       gif.o
    0x08016ec2   0x08016ec2   0x0000003a   Code   RO         4597    i.gif_readcolortbl  gif.o
    0x08016efc   0x08016efc   0x00000082   Code   RO         4598    i.gif_readextension  gif.o
    0x08016f7e   0x08016f7e   0x00000016   Code   RO         4599    i.gif_recovergctbl  gif.o
    0x08016f94   0x08016f94   0x00000016   Code   RO         4600    i.gif_savegctbl     gif.o
    0x08016faa   0x08016faa   0x00000002   PAD
    0x08016fac   0x08016fac   0x00000024   Code   RO         5797    i.gui_alpha_blend565  gui.o
    0x08016fd0   0x08016fd0   0x00000058   Code   RO         5798    i.gui_alphablend_area  gui.o
    0x08017028   0x08017028   0x0000000c   Code   RO         5800    i.gui_disabs        gui.o
    0x08017034   0x08017034   0x00000078   Code   RO         5801    i.gui_draw_arc      gui.o
    0x080170ac   0x080170ac   0x000001b6   Code   RO         5802    i.gui_draw_arcrectangle  gui.o
    0x08017262   0x08017262   0x00000002   PAD
    0x08017264   0x08017264   0x00000050   Code   RO         5803    i.gui_draw_bigpoint  gui.o
    0x080172b4   0x080172b4   0x000000d2   Code   RO         5806    i.gui_draw_circle8  gui.o
    0x08017386   0x08017386   0x00000002   PAD
    0x08017388   0x08017388   0x00000030   Code   RO         5808    i.gui_draw_expoint  gui.o
    0x080173b8   0x080173b8   0x00000030   Code   RO         5809    i.gui_draw_hline    gui.o
    0x080173e8   0x080173e8   0x000000a0   Code   RO         5810    i.gui_draw_icos     gui.o
    0x08017488   0x08017488   0x000000a4   Code   RO         5811    i.gui_draw_icosalpha  gui.o
    0x0801752c   0x0801752c   0x00000046   Code   RO         5813    i.gui_draw_rectangle  gui.o
    0x08017572   0x08017572   0x00000002   PAD
    0x08017574   0x08017574   0x00000030   Code   RO         5815    i.gui_draw_vline    gui.o
    0x080175a4   0x080175a4   0x0000009c   Code   RO         5817    i.gui_fill_color    gui.o
    0x08017640   0x08017640   0x00000028   Code   RO         5820    i.gui_fill_rectangle  gui.o
    0x08017668   0x08017668   0x00000050   Code   RO         5821    i.gui_get_key       gui.o
    0x080176b8   0x080176b8   0x00000080   Code   RO         5823    i.gui_init          gui.o
    0x08017738   0x08017738   0x0000000e   Code   RO         5824    i.gui_memex_free    gui.o
    0x08017746   0x08017746   0x00000008   Code   RO         5825    i.gui_memex_malloc  gui.o
    0x0801774e   0x0801774e   0x0000000e   Code   RO         5826    i.gui_memin_free    gui.o
    0x0801775c   0x0801775c   0x00000008   Code   RO         5827    i.gui_memin_malloc  gui.o
    0x08017764   0x08017764   0x0000000a   Code   RO         5828    i.gui_memin_realloc  gui.o
    0x0801776e   0x0801776e   0x0000000e   Code   RO         5829    i.gui_memset        gui.o
    0x0801777c   0x0801777c   0x00000052   Code   RO         5830    i.gui_num2str       gui.o
    0x080177ce   0x080177ce   0x00000002   PAD
    0x080177d0   0x080177d0   0x00000028   Code   RO         5831    i.gui_path_name     gui.o
    0x080177f8   0x080177f8   0x00000024   Code   RO         5832    i.gui_pow           gui.o
    0x0801781c   0x0801781c   0x0000001e   Code   RO         5833    i.gui_rgb332torgb565  gui.o
    0x0801783a   0x0801783a   0x00000002   PAD
    0x0801783c   0x0801783c   0x000000ac   Code   RO         5834    i.gui_show_num      gui.o
    0x080178e8   0x080178e8   0x0000017c   Code   RO         5835    i.gui_show_ptchar   gui.o
    0x08017a64   0x08017a64   0x000000d0   Code   RO         5836    i.gui_show_ptfont   gui.o
    0x08017b34   0x08017b34   0x000000f8   Code   RO         5837    i.gui_show_ptstr    gui.o
    0x08017c2c   0x08017c2c   0x0000004a   Code   RO         5838    i.gui_show_ptstrwhiterim  gui.o
    0x08017c76   0x08017c76   0x000000c8   Code   RO         5839    i.gui_show_string   gui.o
    0x08017d3e   0x08017d3e   0x00000078   Code   RO         5840    i.gui_show_strmid   gui.o
    0x08017db6   0x08017db6   0x000000a2   Code   RO         4787    i.huffext           tjpgd.o
    0x08017e58   0x08017e58   0x00000158   Code   RO         8440    i.idct9             imdct.o
    0x08017fb0   0x08017fb0   0x000000ac   Code   RO         8441    i.imdct12           imdct.o
    0x0801805c   0x0801805c   0x000000d0   Code   RO         8985    i.init_entropy_decoder  entropy.o
    0x0801812c   0x0801812c   0x00000020   Code   RO         9066    i.init_filter_16_11  filter_16_11.o
    0x0801814c   0x0801814c   0x00000020   Code   RO         9199    i.init_filter_64_11  filter_64_11.o
    0x0801816c   0x0801816c   0x00000040   Code   RO         8937    i.init_frame_decoder  apedecoder.o
    0x080181ac   0x080181ac   0x0000001e   Code   RO         8769    i.init_get_bits     flacdecoder.o
    0x080181ca   0x080181ca   0x00000002   PAD
    0x080181cc   0x080181cc   0x00000048   Code   RO         9313    i.init_predictor_decoder  predictor.o
    0x08018214   0x08018214   0x00000024   Code   RO         4706    i.is_element_ok     piclib.o
    0x08018238   0x08018238   0x000000e6   Code   RO         4788    i.jd_decomp         tjpgd.o
    0x0801831e   0x0801831e   0x00000002   PAD
    0x08018320   0x08018320   0x000002c8   Code   RO         4789    i.jd_prepare        tjpgd.o
    0x080185e8   0x080185e8   0x00000020   Code   RO         4790    i.jpeg_freeall      tjpgd.o
    0x08018608   0x08018608   0x0000002a   Code   RO         4791    i.jpeg_in_func      tjpgd.o
    0x08018632   0x08018632   0x00000002   PAD
    0x08018634   0x08018634   0x00000034   Code   RO         4792    i.jpeg_mallocall    tjpgd.o
    0x08018668   0x08018668   0x0000003c   Code   RO         4793    i.jpeg_out_func_fill  tjpgd.o
    0x080186a4   0x080186a4   0x000000a8   Code   RO         4794    i.jpeg_out_func_point  tjpgd.o
    0x0801874c   0x0801874c   0x000000c4   Code   RO         4795    i.jpg_decode        tjpgd.o
    0x08018810   0x08018810   0x00000026   Code   RO         3708    i.ld_clust          ff.o
    0x08018836   0x08018836   0x00000016   Code   RO         3709    i.ld_dword          ff.o
    0x0801884c   0x0801884c   0x00000056   Code   RO         3710    i.ld_qword          ff.o
    0x080188a2   0x080188a2   0x0000000a   Code   RO         3711    i.ld_word           ff.o
    0x080188ac   0x080188ac   0x00000038   Code   RO         3712    i.load_obj_dir      ff.o
    0x080188e4   0x080188e4   0x000000aa   Code   RO         3713    i.load_xdir         ff.o
    0x0801898e   0x0801898e   0x00000114   Code   RO         5228    i.lrc_analyze       lyric.o
    0x08018aa2   0x08018aa2   0x00000024   Code   RO         5229    i.lrc_chg_suffix    lyric.o
    0x08018ac6   0x08018ac6   0x0000003e   Code   RO         5230    i.lrc_creat         lyric.o
    0x08018b04   0x08018b04   0x00000016   Code   RO         5231    i.lrc_delete        lyric.o
    0x08018b1a   0x08018b1a   0x00000002   PAD
    0x08018b1c   0x08018b1c   0x000000b8   Code   RO         5232    i.lrc_read          lyric.o
    0x08018bd4   0x08018bd4   0x0000005c   Code   RO         5233    i.lrc_sequence      lyric.o
    0x08018c30   0x08018c30   0x00000082   Code   RO         5234    i.lrc_show_linelrc  lyric.o
    0x08018cb2   0x08018cb2   0x00000034   Code   RO         5235    i.lrc_str2num       lyric.o
    0x08018ce6   0x08018ce6   0x00000002   PAD
    0x08018ce8   0x08018ce8   0x00000040   Code   RO           14    i.main              test.o
    0x08018d28   0x08018d28   0x00000050   Code   RO           15    i.main_task         test.o
    0x08018d78   0x08018d78   0x0000015c   Code   RO         4796    i.mcu_load          tjpgd.o
    0x08018ed4   0x08018ed4   0x0000030c   Code   RO         4797    i.mcu_output        tjpgd.o
    0x080191e0   0x080191e0   0x00000018   Code   RO         3714    i.mem_cmp           ff.o
    0x080191f8   0x080191f8   0x00000012   Code   RO         3715    i.mem_cpy           ff.o
    0x0801920a   0x0801920a   0x0000000c   Code   RO         3716    i.mem_set           ff.o
    0x08019216   0x08019216   0x00000002   PAD
    0x08019218   0x08019218   0x000002e8   Code   RO         4533    i.minibmp_decode    bmp.o
    0x08019500   0x08019500   0x00000032   Code   RO         3717    i.move_window       ff.o
    0x08019532   0x08019532   0x00000002   PAD
    0x08019534   0x08019534   0x00000028   Code   RO         8170    i.mp3_file_seek     mp3play.o
    0x0801955c   0x0801955c   0x0000006c   Code   RO         8171    i.mp3_fill_buffer   mp3play.o
    0x080195c8   0x080195c8   0x0000003a   Code   RO         8172    i.mp3_get_curtime   mp3play.o
    0x08019602   0x08019602   0x00000002   PAD
    0x08019604   0x08019604   0x000001d0   Code   RO         8173    i.mp3_get_info      mp3play.o
    0x080197d4   0x080197d4   0x00000040   Code   RO         8174    i.mp3_id3v1_decode  mp3play.o
    0x08019814   0x08019814   0x00000108   Code   RO         8175    i.mp3_id3v2_decode  mp3play.o
    0x0801991c   0x0801991c   0x00000328   Code   RO         8176    i.mp3_play_song     mp3play.o
    0x08019c44   0x08019c44   0x00000054   Code   RO         8177    i.mp3_sai_dma_tx_callback  mp3play.o
    0x08019c98   0x08019c98   0x00000058   Code   RO         3580    i.my_mem_free       malloc.o
    0x08019cf0   0x08019cf0   0x0000002c   Code   RO         3581    i.my_mem_init       malloc.o
    0x08019d1c   0x08019d1c   0x00000088   Code   RO         3582    i.my_mem_malloc     malloc.o
    0x08019da4   0x08019da4   0x0000003c   Code   RO         3583    i.my_mem_perused    malloc.o
    0x08019de0   0x08019de0   0x00000030   Code   RO         3584    i.myfree            malloc.o
    0x08019e10   0x08019e10   0x00000030   Code   RO         3585    i.mymalloc          malloc.o
    0x08019e40   0x08019e40   0x00000010   Code   RO         3586    i.mymemcpy          malloc.o
    0x08019e50   0x08019e50   0x0000000c   Code   RO         3587    i.mymemset          malloc.o
    0x08019e5c   0x08019e5c   0x0000003c   Code   RO         3588    i.myrealloc         malloc.o
    0x08019e98   0x08019e98   0x00000010   Code   RO         4932    i.opt1_delay        common.o
    0x08019ea8   0x08019ea8   0x00000008   Code   RO         4707    i.pic_memalloc      piclib.o
    0x08019eb0   0x08019eb0   0x00000008   Code   RO         4708    i.pic_memfree       piclib.o
    0x08019eb8   0x08019eb8   0x00000070   Code   RO         3718    i.pick_lfn          ff.o
    0x08019f28   0x08019f28   0x00000024   Code   RO         4709    i.piclib_alpha_blend  piclib.o
    0x08019f4c   0x08019f4c   0x00000094   Code   RO         4711    i.piclib_fill_color  piclib.o
    0x08019fe0   0x08019fe0   0x00000112   Code   RO         6278    i.progressbar_check  progressbar.o
    0x0801a0f2   0x0801a0f2   0x00000086   Code   RO         6279    i.progressbar_creat  progressbar.o
    0x0801a178   0x0801a178   0x00000004   Code   RO         6280    i.progressbar_delete  progressbar.o
    0x0801a17c   0x0801a17c   0x00000024   Code   RO         6281    i.progressbar_draw_progressbar  progressbar.o
    0x0801a1a0   0x0801a1a0   0x00000126   Code   RO         6282    i.progressbar_draw_sign  progressbar.o
    0x0801a2c6   0x0801a2c6   0x00000186   Code   RO         6284    i.progressbar_setpos  progressbar.o
    0x0801a44c   0x0801a44c   0x0000009c   Code   RO         6285    i.progressbar_show_char  progressbar.o
    0x0801a4e8   0x0801a4e8   0x000000bc   Code   RO         6286    i.progressbar_show_percnt  progressbar.o
    0x0801a5a4   0x0801a5a4   0x000000f6   Code   RO         3719    i.put_fat           ff.o
    0x0801a69a   0x0801a69a   0x00000002   PAD
    0x0801a69c   0x0801a69c   0x00000034   Code   RO         8986    i.range_dec_normalize  entropy.o
    0x0801a6d0   0x0801a6d0   0x00000014   Code   RO         8987    i.range_decode_bits  entropy.o
    0x0801a6e4   0x0801a6e4   0x00000020   Code   RO         8988    i.range_decode_culfreq  entropy.o
    0x0801a704   0x0801a704   0x0000001c   Code   RO         8989    i.range_decode_culshift  entropy.o
    0x0801a720   0x0801a720   0x00000016   Code   RO         8990    i.range_decode_short  entropy.o
    0x0801a736   0x0801a736   0x00000002   PAD
    0x0801a738   0x0801a738   0x00000018   Code   RO         8991    i.range_decode_update  entropy.o
    0x0801a750   0x0801a750   0x00000018   Code   RO         8992    i.read_byte         entropy.o
    0x0801a768   0x0801a768   0x00000004   Code   RO         9264    i.read_int16        parser.o
    0x0801a76c   0x0801a76c   0x00000024   Code   RO         9265    i.read_uint16       parser.o
    0x0801a790   0x0801a790   0x0000002a   Code   RO         9266    i.read_uint32       parser.o
    0x0801a7ba   0x0801a7ba   0x000000e8   Code   RO         3721    i.remove_chain      ff.o
    0x0801a8a2   0x0801a8a2   0x00000086   Code   RO         9067    i.scalarproduct     filter_16_11.o
    0x0801a928   0x0801a928   0x00000116   Code   RO         9200    i.scalarproduct     filter_64_11.o
    0x0801aa3e   0x0801aa3e   0x00000286   Code   RO         6357    i.scrollbar_check   scrollbar.o
    0x0801acc4   0x0801acc4   0x00000072   Code   RO         6358    i.scrollbar_creat   scrollbar.o
    0x0801ad36   0x0801ad36   0x0000005a   Code   RO         6360    i.scrollbar_draw_btn  scrollbar.o
    0x0801ad90   0x0801ad90   0x000000f8   Code   RO         6361    i.scrollbar_draw_scrollbar  scrollbar.o
    0x0801ae88   0x0801ae88   0x00000054   Code   RO         6362    i.scrollbar_draw_sign  scrollbar.o
    0x0801aedc   0x0801aedc   0x000000d8   Code   RO         6364    i.scrollbar_setpos  scrollbar.o
    0x0801afb4   0x0801afb4   0x0000001c   Code   RO         8993    i.skip_byte         entropy.o
    0x0801afd0   0x0801afd0   0x00000098   Code   RO          962    i.slcd_dma_enable   spblcd.o
    0x0801b068   0x0801b068   0x000000a0   Code   RO          963    i.slcd_dma_init     spblcd.o
    0x0801b108   0x0801b108   0x00000038   Code   RO          964    i.slcd_draw_point   spblcd.o
    0x0801b140   0x0801b140   0x0000003e   Code   RO          965    i.slcd_fill_color   spblcd.o
    0x0801b17e   0x0801b17e   0x00000002   PAD
    0x0801b180   0x0801b180   0x000000c4   Code   RO          966    i.slcd_frame_show   spblcd.o
    0x0801b244   0x0801b244   0x00000038   Code   RO          967    i.slcd_read_point   spblcd.o
    0x0801b27c   0x0801b27c   0x000002ac   Code   RO         5136    i.spb_init          spb.o
    0x0801b528   0x0801b528   0x00000074   Code   RO         5137    i.spb_load_icos     spb.o
    0x0801b59c   0x0801b59c   0x00000088   Code   RO         5138    i.spb_load_micos    spb.o
    0x0801b624   0x0801b624   0x0000001c   Code   RO         5139    i.spb_load_mui      spb.o
    0x0801b640   0x0801b640   0x00000114   Code   RO         5140    i.spb_move_chk      spb.o
    0x0801b754   0x0801b754   0x000000dc   Code   RO         5141    i.spb_set_sel       spb.o
    0x0801b830   0x0801b830   0x00000160   Code   RO         5142    i.spb_stabar_msg_show  spb.o
    0x0801b990   0x0801b990   0x0000006c   Code   RO         5143    i.spb_unsel_micos   spb.o
    0x0801b9fc   0x0801b9fc   0x00000028   Code   RO         3722    i.st_clust          ff.o
    0x0801ba24   0x0801ba24   0x00000010   Code   RO         3723    i.st_dword          ff.o
    0x0801ba34   0x0801ba34   0x0000004a   Code   RO         3724    i.st_qword          ff.o
    0x0801ba7e   0x0801ba7e   0x00000008   Code   RO         3725    i.st_word           ff.o
    0x0801ba86   0x0801ba86   0x00000002   PAD
    0x0801ba88   0x0801ba88   0x00000090   Code   RO           16    i.start_task        test.o
    0x0801bb18   0x0801bb18   0x00000210   Code   RO         4534    i.stdbmp_decode     bmp.o
    0x0801bd28   0x0801bd28   0x0000006c   Code   RO         3726    i.store_xdir        ff.o
    0x0801bd94   0x0801bd94   0x0000001a   Code   RO         3727    i.sum_sfn           ff.o
    0x0801bdae   0x0801bdae   0x00000002   PAD
    0x0801bdb0   0x0801bdb0   0x00000088   Code   RO         3728    i.sync_fs           ff.o
    0x0801be38   0x0801be38   0x00000052   Code   RO         3729    i.sync_window       ff.o
    0x0801be8a   0x0801be8a   0x00000002   PAD
    0x0801be8c   0x0801be8c   0x00000078   Code   RO           17    i.system_error_show  test.o
    0x0801bf04   0x0801bf04   0x00000050   Code   RO           18    i.system_error_show_pass  test.o
    0x0801bf54   0x0801bf54   0x000000e0   Code   RO           19    i.system_exsram_test  test.o
    0x0801c034   0x0801c034   0x00000158   Code   RO           20    i.system_files_erase  test.o
    0x0801c18c   0x0801c18c   0x000000ec   Code   RO           21    i.system_font_update_confirm  test.o
    0x0801c278   0x0801c278   0x00000b74   Code   RO           22    i.system_init       test.o
    0x0801cdec   0x0801cdec   0x000000dc   Code   RO          516    i.uart_init         usart.o
    0x0801cec8   0x0801cec8   0x0000001a   Code   RO         8770    i.unaligned32_be    flacdecoder.o
    0x0801cee2   0x0801cee2   0x00000002   PAD
    0x0801cee4   0x0801cee4   0x000000f0   Code   RO         4441    i.updata_fontx      fontupd.o
    0x0801cfd4   0x0801cfd4   0x000001b0   Code   RO         4442    i.update_font       fontupd.o
    0x0801d184   0x0801d184   0x0000003a   Code   RO         8994    i.update_rice       entropy.o
    0x0801d1be   0x0801d1be   0x00000002   PAD
    0x0801d1c0   0x0801d1c0   0x000000f8   Code   RO         2879    i.usart3_init       usart3.o
    0x0801d2b8   0x0801d2b8   0x00000038   Code   RO         3730    i.validate          ff.o
    0x0801d2f0   0x0801d2f0   0x00000082   Code   RO         9068    i.vector_add        filter_16_11.o
    0x0801d372   0x0801d372   0x0000011c   Code   RO         9201    i.vector_add        filter_64_11.o
    0x0801d48e   0x0801d48e   0x00000082   Code   RO         9069    i.vector_sub        filter_16_11.o
    0x0801d510   0x0801d510   0x0000011c   Code   RO         9202    i.vector_sub        filter_64_11.o
    0x0801d62c   0x0801d62c   0x000000dc   Code   RO           23    i.watch_task        test.o
    0x0801d708   0x0801d708   0x00000070   Code   RO         8112    i.wav_buffill       wavplay.o
    0x0801d778   0x0801d778   0x000001c4   Code   RO         8113    i.wav_decode_init   wavplay.o
    0x0801d93c   0x0801d93c   0x00000060   Code   RO         8114    i.wav_file_seek     wavplay.o
    0x0801d99c   0x0801d99c   0x0000003c   Code   RO         8115    i.wav_get_curtime   wavplay.o
    0x0801d9d8   0x0801d9d8   0x000001ac   Code   RO         8116    i.wav_play_song     wavplay.o
    0x0801db84   0x0801db84   0x00000054   Code   RO         8117    i.wav_sai_dma_tx_callback  wavplay.o
    0x0801dbd8   0x0801dbd8   0x00000034   Code   RO         3731    i.xdir_sum          ff.o
    0x0801dc0c   0x0801dc0c   0x000000ee   Code   RO         8304    i.xmp3_AllocateBuffers  buffers.o
    0x0801dcfa   0x0801dcfa   0x0000000e   Code   RO         8240    i.xmp3_CalcBitsUsed  bitstream.o
    0x0801dd08   0x0801dd08   0x00000016   Code   RO         8241    i.xmp3_CheckPadBit  bitstream.o
    0x0801dd1e   0x0801dd1e   0x00000196   Code   RO         8396    i.xmp3_DecodeHuffman  huffman.o
    0x0801deb4   0x0801deb4   0x000001f4   Code   RO         8372    i.xmp3_DequantChannel  dqchan.o
    0x0801e0a8   0x0801e0a8   0x000001e8   Code   RO         8351    i.xmp3_Dequantize   dequant.o
    0x0801e290   0x0801e290   0x00000696   Code   RO         8336    i.xmp3_FDCT32       dct32.o
    0x0801e926   0x0801e926   0x0000006a   Code   RO         8305    i.xmp3_FreeBuffers  buffers.o
    0x0801e990   0x0801e990   0x00000042   Code   RO         8242    i.xmp3_GetBits      bitstream.o
    0x0801e9d2   0x0801e9d2   0x0000011e   Code   RO         8442    i.xmp3_IMDCT        imdct.o
    0x0801eaf0   0x0801eaf0   0x00000234   Code   RO         8578    i.xmp3_IntensityProcMPEG1  stproc.o
    0x0801ed24   0x0801ed24   0x00000234   Code   RO         8579    i.xmp3_IntensityProcMPEG2  stproc.o
    0x0801ef58   0x0801ef58   0x0000005a   Code   RO         8580    i.xmp3_MidSideProc  stproc.o
    0x0801efb2   0x0801efb2   0x0000000c   Code   RO         8243    i.xmp3_SetBitstreamPointer  bitstream.o
    0x0801efbe   0x0801efbe   0x00000002   PAD
    0x0801efc0   0x0801efc0   0x000000f8   Code   RO         8602    i.xmp3_Subband      subband.o
    0x0801f0b8   0x0801f0b8   0x000001ec   Code   RO         8244    i.xmp3_UnpackFrameHeader  bitstream.o
    0x0801f2a4   0x0801f2a4   0x000000f6   Code   RO         8556    i.xmp3_UnpackScaleFactors  scalfact.o
    0x0801f39a   0x0801f39a   0x00000214   Code   RO         8245    i.xmp3_UnpackSideInfo  bitstream.o
    0x0801f5ae   0x0801f5ae   0x0000003c   Code   RO         3732    i.xname_sum         ff.o
    0x0801f5ea   0x0801f5ea   0x00000002   PAD
    0x0801f5ec   0x0801f5ec   0x0000002c   Code   RO        10392    locale$$code        c_w.l(lc_numeric_c.o)
    0x0801f618   0x0801f618   0x00000150   Code   RO        10149    x$fpl$dadd          fz_wm.l(daddsub_clz.o)
    0x0801f768   0x0801f768   0x00000018   Code   RO        10287    x$fpl$dcmpinf       fz_wm.l(dcmpi.o)
    0x0801f780   0x0801f780   0x0000005a   Code   RO        10163    x$fpl$dfixu         fz_wm.l(dfixu.o)
    0x0801f7da   0x0801f7da   0x00000026   Code   RO        10167    x$fpl$dfltu         fz_wm.l(dflt_clz.o)
    0x0801f800   0x0801f800   0x00000078   Code   RO        10173    x$fpl$dleqf         fz_wm.l(dleqf.o)
    0x0801f878   0x0801f878   0x00000154   Code   RO        10175    x$fpl$dmul          fz_wm.l(dmul.o)
    0x0801f9cc   0x0801f9cc   0x0000009c   Code   RO        10289    x$fpl$dnaninf       fz_wm.l(dnaninf.o)
    0x0801fa68   0x0801fa68   0x0000000c   Code   RO        10291    x$fpl$dretinf       fz_wm.l(dretinf.o)
    0x0801fa74   0x0801fa74   0x0000006c   Code   RO        10177    x$fpl$drleqf        fz_wm.l(drleqf.o)
    0x0801fae0   0x0801fae0   0x00000016   Code   RO        10150    x$fpl$drsb          fz_wm.l(daddsub_clz.o)
    0x0801faf6   0x0801faf6   0x00000002   PAD
    0x0801faf8   0x0801faf8   0x00000198   Code   RO        10293    x$fpl$dsqrt         fz_wm.l(dsqrt_umaal.o)
    0x0801fc90   0x0801fc90   0x000001d4   Code   RO        10151    x$fpl$dsub          fz_wm.l(daddsub_clz.o)
    0x0801fe64   0x0801fe64   0x00000056   Code   RO        10179    x$fpl$f2d           fz_wm.l(f2d.o)
    0x0801feba   0x0801feba   0x0000008c   Code   RO        10297    x$fpl$fnaninf       fz_wm.l(fnaninf.o)
    0x0801ff46   0x0801ff46   0x0000000a   Code   RO        10473    x$fpl$fpinit        fz_wm.l(fpinit.o)
    0x0801ff50   0x0801ff50   0x00000004   Code   RO        10203    x$fpl$printf1       fz_wm.l(printf1.o)
    0x0801ff54   0x0801ff54   0x00000000   Code   RO        10307    x$fpl$usenofp       fz_wm.l(usenofp.o)
    0x0801ff54   0x0801ff54   0x00004740   Data   RO          670    .constdata          lcd.o
    0x08024694   0x08024694   0x0000006e   Data   RO         1906    .constdata          sai.o
    0x08024702   0x08024702   0x0000000a   Data   RO         2149    .constdata          ft5206.o
    0x0802470c   0x0802470c   0x000000c2   Data   RO         2251    .constdata          gt9147.o
    0x080247ce   0x080247ce   0x000000ce   Data   RO         2303    .constdata          gt9271.o
    0x0802489c   0x0802489c   0x0000000a   Data   RO         2355    .constdata          ott2001a.o
    0x080248a6   0x080248a6   0x00000002   PAD
    0x080248a8   0x080248a8   0x00000004   Data   RO         2415    .constdata          touch.o
    0x080248ac   0x080248ac   0x00000024   Data   RO         3595    .constdata          malloc.o
    0x080248d0   0x080248d0   0x0000004a   Data   RO         3734    .constdata          ff.o
    0x0802491a   0x0802491a   0x00000002   PAD
    0x0802491c   0x0802491c   0x00000070   Data   RO         4187    .constdata          exfuns.o
    0x0802498c   0x0802498c   0x000003c0   Data   RO         4410    .constdata          mycc936.o
    0x08024d4c   0x08024d4c   0x00000028   Data   RO         4444    .constdata          fontupd.o
    0x08024d74   0x08024d74   0x00000028   Data   RO         4601    .constdata          gif.o
    0x08024d9c   0x08024d9c   0x000004c0   Data   RO         4798    .constdata          tjpgd.o
    0x0802525c   0x0802525c   0x00000144   Data   RO         4939    .constdata          common.o
    0x080253a0   0x080253a0   0x0000004c   Data   RO         4940    .constdata          common.o
    0x080253ec   0x080253ec   0x00000048   Data   RO         4941    .constdata          common.o
    0x08025434   0x08025434   0x00000060   Data   RO         4942    .constdata          common.o
    0x08025494   0x08025494   0x000000f0   Data   RO         4943    .constdata          common.o
    0x08025584   0x08025584   0x000002dc   Data   RO         5145    .constdata          spb.o
    0x08025860   0x08025860   0x0000005c   Data   RO         5315    .constdata          audioplay.o
    0x080258bc   0x080258bc   0x00000070   Data   RO         5667    .constdata          filelistbox.o
    0x0802592c   0x0802592c   0x00006540   Data   RO         5844    .constdata          gui.o
    0x0802be6c   0x0802be6c   0x0000000c   Data   RO         5847    .constdata          gui.o
    0x0802be78   0x0802be78   0x0000000c   Data   RO         5849    .constdata          gui.o
    0x0802be84   0x0802be84   0x00000037   Data   RO         6288    .constdata          progressbar.o
    0x0802bebb   0x0802bebb   0x00000030   Data   RO         6366    .constdata          scrollbar.o
    0x0802beeb   0x0802beeb   0x00000100   Data   RO         7373    .constdata          os_core.o
    0x0802bfeb   0x0802bfeb   0x00000001   PAD
    0x0802bfec   0x0802bfec   0x000000c0   Data   RO         8337    .constdata          dct32.o
    0x0802c0ac   0x0802c0ac   0x00000250   Data   RO         8373    .constdata          dqchan.o
    0x0802c2fc   0x0802c2fc   0x00002124   Data   RO         8416    .constdata          hufftabs.o
    0x0802e420   0x0802e420   0x00000080   Data   RO         8417    .constdata          hufftabs.o
    0x0802e4a0   0x0802e4a0   0x00000100   Data   RO         8418    .constdata          hufftabs.o
    0x0802e5a0   0x0802e5a0   0x00000050   Data   RO         8419    .constdata          hufftabs.o
    0x0802e5f0   0x0802e5f0   0x00000008   Data   RO         8420    .constdata          hufftabs.o
    0x0802e5f8   0x0802e5f8   0x00000008   Data   RO         8421    .constdata          hufftabs.o
    0x0802e600   0x0802e600   0x0000006c   Data   RO         8443    .constdata          imdct.o
    0x0802e66c   0x0802e66c   0x00000024   Data   RO         8536    .constdata          mp3tabs.o
    0x0802e690   0x0802e690   0x0000010e   Data   RO         8537    .constdata          mp3tabs.o
    0x0802e79e   0x0802e79e   0x00000012   Data   RO         8538    .constdata          mp3tabs.o
    0x0802e7b0   0x0802e7b0   0x0000000c   Data   RO         8540    .constdata          mp3tabs.o
    0x0802e7bc   0x0802e7bc   0x0000010e   Data   RO         8541    .constdata          mp3tabs.o
    0x0802e8ca   0x0802e8ca   0x0000029a   Data   RO         8542    .constdata          mp3tabs.o
    0x0802eb64   0x0802eb64   0x00000068   Data   RO         8557    .constdata          scalfact.o
    0x0802ebcc   0x0802ebcc   0x00000240   Data   RO         8614    .constdata          trigtabs.o
    0x0802ee0c   0x0802ee0c   0x00000038   Data   RO         8615    .constdata          trigtabs.o
    0x0802ee44   0x0802ee44   0x00000100   Data   RO         8616    .constdata          trigtabs.o
    0x0802ef44   0x0802ef44   0x00000010   Data   RO         8617    .constdata          trigtabs.o
    0x0802ef54   0x0802ef54   0x00000040   Data   RO         8619    .constdata          trigtabs.o
    0x0802ef94   0x0802ef94   0x00000420   Data   RO         8621    .constdata          trigtabs.o
    0x0802f3b4   0x0802f3b4   0x000001a0   Data   RO         8771    .constdata          flacdecoder.o
    0x0802f554   0x0802f554   0x00000100   Data   RO         8865    .constdata          tables.o
    0x0802f654   0x0802f654   0x00000408   Data   RO         8996    .constdata          entropy.o
    0x0802fa5c   0x0802fa5c   0x00000010   Data   RO         9314    .constdata          predictor.o
    0x0802fa6c   0x0802fa6c   0x00000028   Data   RO        10091    .constdata          c_w.l(_printf_hex_int_ll_ptr.o)
    0x0802fa94   0x0802fa94   0x00000011   Data   RO        10111    .constdata          c_w.l(__printf_flags_ss_wp.o)
    0x0802faa5   0x0802faa5   0x00000003   PAD
    0x0802faa8   0x0802faa8   0x00000094   Data   RO        10361    .constdata          c_w.l(bigflt0.o)
    0x0802fb3c   0x0802fb3c   0x00000079   Data   RO         2416    .conststring        touch.o
    0x0802fbb5   0x0802fbb5   0x00000003   PAD
    0x0802fbb8   0x0802fbb8   0x00000044   Data   RO         4188    .conststring        exfuns.o
    0x0802fbfc   0x0802fbfc   0x000000db   Data   RO         4445    .conststring        fontupd.o
    0x0802fcd7   0x0802fcd7   0x00000001   PAD
    0x0802fcd8   0x0802fcd8   0x0000004d   Data   RO         4950    .conststring        common.o
    0x0802fd25   0x0802fd25   0x00000003   PAD
    0x0802fd28   0x0802fd28   0x000001d6   Data   RO         4951    .conststring        common.o
    0x0802fefe   0x0802fefe   0x00000002   PAD
    0x0802ff00   0x0802ff00   0x00000159   Data   RO         5146    .conststring        spb.o
    0x08030059   0x08030059   0x00000003   PAD
    0x0803005c   0x0803005c   0x00000279   Data   RO         5316    .conststring        audioplay.o
    0x080302d5   0x080302d5   0x00000003   PAD
    0x080302d8   0x080302d8   0x000000f6   Data   RO         5668    .conststring        filelistbox.o
    0x080303ce   0x080303ce   0x00000002   PAD
    0x080303d0   0x080303d0   0x0000000d   Data   RO         5852    .conststring        gui.o
    0x080303dd   0x080303dd   0x00000003   PAD
    0x080303e0   0x080303e0   0x0000000d   Data   RO         5854    .conststring        gui.o
    0x080303ed   0x080303ed   0x00000003   PAD
    0x080303f0   0x080303f0   0x00000020   Data   RO        10536    Region$$Table       anon$$obj.o
    0x08030410   0x08030410   0x0000001c   Data   RO        10391    locale$$data        c_w.l(lc_numeric_c.o)


    Execution Region RW_IRAM1 (Exec base: 0x20000000, Load base: 0x0803042c, Size: 0x0002be88, Max: 0x00030000, ABSOLUTE, COMPRESSED[0x00000084])

    Exec Addr    Load Addr    Size         Type   Attr      Idx    E Section Name        Object

    0x20000000   COMPRESSED   0x00000002   Data   RW           25    .data               test.o
    0x20000002   COMPRESSED   0x00000004   Data   RW          357    .data               delay.o
    0x20000006   COMPRESSED   0x00000002   Data   RW          518    .data               usart.o
    0x20000008   COMPRESSED   0x00000004   Data   RW          519    .data               usart.o
    0x2000000c   COMPRESSED   0x00000008   Data   RW          671    .data               lcd.o
    0x20000014   COMPRESSED   0x00000008   Data   RW          870    .data               ltdc.o
    0x2000001c   COMPRESSED   0x00000004   Data   RW          968    .data               spblcd.o
    0x20000020   COMPRESSED   0x00000001   Data   RW         1027    .data               key.o
    0x20000021   COMPRESSED   0x00000003   PAD
    0x20000024   COMPRESSED   0x0000000c   Data   RW         1086    .data               sdio_sdcard.o
    0x20000030   COMPRESSED   0x00000002   Data   RW         1271    .data               w25qxx.o
    0x20000032   COMPRESSED   0x00000002   PAD
    0x20000034   COMPRESSED   0x00000004   Data   RW         1586    .data               ftl.o
    0x20000038   COMPRESSED   0x0000000e   Data   RW         1761    .data               wm8978.o
    0x20000046   COMPRESSED   0x00000074   Data   RW         1762    .data               wm8978.o
    0x200000ba   COMPRESSED   0x00000002   PAD
    0x200000bc   COMPRESSED   0x00000008   Data   RW         1907    .data               sai.o
    0x200000c4   COMPRESSED   0x00000008   Data   RW         1996    .data               timer.o
    0x200000cc   COMPRESSED   0x00000001   Data   RW         2150    .data               ft5206.o
    0x200000cd   COMPRESSED   0x00000001   Data   RW         2252    .data               gt9147.o
    0x200000ce   COMPRESSED   0x00000001   Data   RW         2304    .data               gt9271.o
    0x200000cf   COMPRESSED   0x00000001   Data   RW         2356    .data               ott2001a.o
    0x200000d0   COMPRESSED   0x0000004c   Data   RW         2417    .data               touch.o
    0x2000011c   COMPRESSED   0x00000002   Data   RW         2881    .data               usart3.o
    0x2000011e   COMPRESSED   0x00000002   PAD
    0x20000120   COMPRESSED   0x00000024   Data   RW         3596    .data               malloc.o
    0x20000144   COMPRESSED   0x00000002   Data   RW         3735    .data               ff.o
    0x20000146   COMPRESSED   0x00000002   PAD
    0x20000148   COMPRESSED   0x00000008   Data   RW         4081    .data               diskio.o
    0x20000150   COMPRESSED   0x0000000c   Data   RW         4189    .data               exfuns.o
    0x2000015c   COMPRESSED   0x00000001   Data   RW         4602    .data               gif.o
    0x2000015d   COMPRESSED   0x00000003   PAD
    0x20000160   COMPRESSED   0x0000000c   Data   RW         4799    .data               tjpgd.o
    0x2000016c   COMPRESSED   0x00000004   Data   RW         4952    .data               common.o
    0x20000170   COMPRESSED   0x00000004   Data   RW         4953    .data               common.o
    0x20000174   COMPRESSED   0x00000004   Data   RW         4954    .data               common.o
    0x20000178   COMPRESSED   0x00000004   Data   RW         4955    .data               common.o
    0x2000017c   COMPRESSED   0x00000004   Data   RW         4956    .data               common.o
    0x20000180   COMPRESSED   0x00000004   Data   RW         4957    .data               common.o
    0x20000184   COMPRESSED   0x00000004   Data   RW         4958    .data               common.o
    0x20000188   COMPRESSED   0x0000000c   Data   RW         4959    .data               common.o
    0x20000194   COMPRESSED   0x0000001a   Data   RW         5317    .data               audioplay.o
    0x200001ae   COMPRESSED   0x00000002   PAD
    0x200001b0   COMPRESSED   0x0000000c   Data   RW         5669    .data               filelistbox.o
    0x200001bc   COMPRESSED   0x0000000e   Data   RW         5855    .data               gui.o
    0x200001ca   COMPRESSED   0x00000002   PAD
    0x200001cc   COMPRESSED   0x0000003c   Data   RW         7374    .data               os_core.o
    0x20000208   COMPRESSED   0x00000004   Data   RW         7375    .data               os_core.o
    0x2000020c   COMPRESSED   0x00000004   Data   RW         7376    .data               os_core.o
    0x20000210   COMPRESSED   0x00000004   Data   RW         7998    .data               os_cpu_c.o
    0x20000214   COMPRESSED   0x00000002   Data   RW         8119    .data               wavplay.o
    0x20000216   COMPRESSED   0x00000002   PAD
    0x20000218   COMPRESSED   0x00000008   Data   RW         8178    .data               mp3play.o
    0x20000220   COMPRESSED   0x00000008   Data   RW         8650    .data               flacplay.o
    0x20000228   COMPRESSED   0x00000008   Data   RW         8882    .data               apeplay.o
    0x20000230   COMPRESSED   0x00000004   Data   RW         8938    .data               apedecoder.o
    0x20000234   COMPRESSED   0x00000018   Data   RW         8997    .data               entropy.o
    0x2000024c   COMPRESSED   0x00000004   PAD
    0x20000250        -       0x000017c0   Zero   RW           24    .bss                test.o
    0x20001a10        -       0x000000c8   Zero   RW          517    .bss                usart.o
    0x20001ad8        -       0x0000000e   Zero   RW          669    .bss                lcd.o
    0x20001ae6   COMPRESSED   0x00000002   PAD
    0x20001ae8        -       0x00000020   Zero   RW          869    .bss                ltdc.o
    0x20001b08        -       0x00000278   Zero   RW         1085    .bss                sdio_sdcard.o
    0x20001d80        -       0x0000005c   Zero   RW         1448    .bss                nand.o
    0x20001ddc   COMPRESSED   0x00000004   PAD
    0x20001de0        -       0x00000320   Zero   RW         2880    .bss                usart3.o
    0x20002100        -       0x00025800   Zero   RW         3593    .bss                malloc.o
    0x20027900        -       0x00002580   Zero   RW         3594    .bss                malloc.o
    0x20029e80        -       0x00000010   Zero   RW         3733    .bss                ff.o
    0x20029e90        -       0x0000000a   Zero   RW         4080    .bss                diskio.o
    0x20029e9a   COMPRESSED   0x00000002   PAD
    0x20029e9c        -       0x00000010   Zero   RW         4184    .bss                exfuns.o
    0x20029eac        -       0x00000029   Zero   RW         4443    .bss                fontupd.o
    0x20029ed5   COMPRESSED   0x00000003   PAD
    0x20029ed8        -       0x0000003c   Zero   RW         4713    .bss                piclib.o
    0x20029f14        -       0x00000192   Zero   RW         5144    .bss                spb.o
    0x2002a0a6        -       0x0000003c   Zero   RW         5314    .bss                audioplay.o
    0x2002a0e2        -       0x0000001d   Zero   RW         5843    .bss                gui.o
    0x2002a0ff   COMPRESSED   0x00000001   PAD
    0x2002a100        -       0x000009e0   Zero   RW         7370    .bss                os_core.o
    0x2002aae0        -       0x00000050   Zero   RW         7371    .bss                os_core.o
    0x2002ab30        -       0x00000078   Zero   RW         7372    .bss                os_core.o
    0x2002aba8        -       0x00000200   Zero   RW         7997    .bss                os_cpu_c.o
    0x2002ada8        -       0x00000020   Zero   RW         8118    .bss                wavplay.o
    0x2002adc8        -       0x00000010   Zero   RW         8995    .bss                entropy.o
    0x2002add8        -       0x00000028   Zero   RW         9070    .bss                filter_16_11.o
    0x2002ae00        -       0x00000028   Zero   RW         9203    .bss                filter_64_11.o
    0x2002ae28        -       0x00000060   Zero   RW        10397    .bss                c_w.l(libspace.o)
    0x2002ae88        -       0x00000000   Zero   RW            2    HEAP                startup_stm32f429xx.o
    0x2002ae88        -       0x00001000   Zero   RW            1    STACK               startup_stm32f429xx.o



  Load Region LR$$.ARM.__AT_0x10000000 (Base: 0x10000000, Size: 0x00000000, Max: 0x0000f000, ABSOLUTE)

    Execution Region ER$$.ARM.__AT_0x10000000 (Exec base: 0x10000000, Load base: 0x10000000, Size: 0x0000f000, Max: 0x0000f000, ABSOLUTE, UNINIT)

    Exec Addr    Load Addr    Size         Type   Attr      Idx    E Section Name        Object

    0x10000000        -       0x0000f000   Zero   RW         3589    .ARM.__AT_0x10000000  malloc.o



  Load Region LR$$.ARM.__AT_0x1000F000 (Base: 0x1000f000, Size: 0x00000000, Max: 0x00000f00, ABSOLUTE)

    Execution Region ER$$.ARM.__AT_0x1000F000 (Exec base: 0x1000f000, Load base: 0x1000f000, Size: 0x00000f00, Max: 0x00000f00, ABSOLUTE, UNINIT)

    Exec Addr    Load Addr    Size         Type   Attr      Idx    E Section Name        Object

    0x1000f000        -       0x00000f00   Zero   RW         3590    .ARM.__AT_0x1000F000  malloc.o



  Load Region LR$$.ARM.__AT_0xC0000000 (Base: 0xc0000000, Size: 0x00000000, Max: 0x001f4000, ABSOLUTE)

    Execution Region ER$$.ARM.__AT_0xC0000000 (Exec base: 0xc0000000, Load base: 0xc0000000, Size: 0x001f4000, Max: 0x001f4000, ABSOLUTE, UNINIT)

    Exec Addr    Load Addr    Size         Type   Attr      Idx    E Section Name        Object

    0xc0000000        -       0x001f4000   Zero   RW          868    .ARM.__AT_0xC0000000  ltdc.o



  Load Region LR$$.ARM.__AT_0xC01F4000 (Base: 0xc01f4000, Size: 0x00000000, Max: 0x01c3c000, ABSOLUTE)

    Execution Region ER$$.ARM.__AT_0xC01F4000 (Exec base: 0xc01f4000, Load base: 0xc01f4000, Size: 0x01c3c000, Max: 0x01c3c000, ABSOLUTE, UNINIT)

    Exec Addr    Load Addr    Size         Type   Attr      Idx    E Section Name        Object

    0xc01f4000        -       0x01c3c000   Zero   RW         3591    .ARM.__AT_0xC01F4000  malloc.o



  Load Region LR$$.ARM.__AT_0xC1E30000 (Base: 0xc1e30000, Size: 0x00000000, Max: 0x001c3c00, ABSOLUTE)

    Execution Region ER$$.ARM.__AT_0xC1E30000 (Exec base: 0xc1e30000, Load base: 0xc1e30000, Size: 0x001c3c00, Max: 0x001c3c00, ABSOLUTE, UNINIT)

    Exec Addr    Load Addr    Size         Type   Attr      Idx    E Section Name        Object

    0xc1e30000        -       0x001c3c00   Zero   RW         3592    .ARM.__AT_0xC1E30000  malloc.o


==============================================================================

Image component sizes


      Code (inc. data)   RO Data    RW Data    ZI Data      Debug   Object Name

       218          0          0          0          0       3349   24cxx.o
       184         12          0          0          0        599   adc.o
       360          6          0          4          0       3065   apedecoder.o
      1288        200          0          8          0       6549   apeplay.o
        22          0          0          0          0        488   asmmisc_rvds.o
      2062          0          0          0          0        664   asmpoly_thumb2_rvds.o
      5556        362        725         26         60      23984   audioplay.o
      1250         24          0          0          0      13191   bitstream.o
        16          0          0          0          0       3141   bitstreamf.o
      1272         18          0          0          0       6753   bmp.o
       360          0          0          0          0       2836   buffers.o
      1630         18          0          0          0      10110   button.o
      1150         98       1355         40          0      14393   common.o
       696        120          0          0          0       5565   ctiic.o
      1686          8        192          0          0       3990   dct32.o
       224         28          0          4          0       3465   delay.o
       510          0          0          0          0       2966   dequant.o
       678         48          0          8         10       9559   diskio.o
       874         24        592          0          0       5774   dqchan.o
      1004         58       1032         24         16      10920   entropy.o
       296         14        180         12         16       4066   exfuns.o
     11812        172         74          2         16      66200   ff.o
      4082        106        358         12          0      15374   filelistbox.o
       926          8          0          0         40       6981   filter_16_11.o
      1392          8          0          0         40       7093   filter_64_11.o
      2324         22        416          0          0      21166   flacdecoder.o
      1728        284          0          8          0       6868   flacplay.o
       868         62        259          0         41       5912   fontupd.o
       694         46         10          1          0       4041   ft5206.o
      1904        296          0          4          0      11963   ftl.o
      2748         24         40          1          0      16133   gif.o
      1010         82        194          1          0       5010   gt9147.o
       974         82        206          1          0       4954   gt9271.o
      3584        170      25970         14         29      31672   gui.o
      1478         28          0          0          0       6637   huffman.o
         0          0       8964          0          0       5796   hufftabs.o
      3254         62        108          0          0      12337   imdct.o
       260         32          0          1          0       1330   key.o
     12534        214      18240          8         14      27452   lcd.o
        56         12          0          0          0        511   led.o
      2048        166          0          8    2048032      12038   ltdc.o
       854          6          0          0          0       6347   lyric.o
       512         48         36         36   31684736       8345   malloc.o
      1002          4          0          0          0       7248   mp3dec.o
      1890        242          0          8          0      10136   mp3play.o
         0          0       1272          0          0       2089   mp3tabs.o
       148         14        960          0          0       2039   mycc936.o
       600         74          0          0          0       4794   myiic.o
      2724        290          0          0         92      17719   nand.o
      1700        202        256         68       2728      24217   os_core.o
       220         36          0          0          0        432   os_cpu_a.o
       528        126          0          4        512      16471   os_cpu_c.o
       104         12          0          0          0       1786   os_flag.o
       348         26          0          0          0       3025   os_mbox.o
        68         10          0          0          0        695   os_q.o
       978        110          0          0          0       7608   os_task.o
       104         22          0          0          0        740   os_time.o
       736         66         10          1          0       4623   ott2001a.o
       866          8          0          0          0       4066   parser.o
       182         10          0          0          0       2925   pcf8574.o
       544         36          0          0         60       6829   piclib.o
      1062          0          0          0          0        808   predictor-arm.o
        72          6         16          0          0       1637   predictor.o
      1476          8         55          0          0       8446   progressbar.o
       922         92          0          0          0       9164   rtc.o
       564         66        110          8          0       5132   sai.o
      1174         10        104          0          0       5218   scalfact.o
      1398         10         48          0          0       7036   scrollbar.o
      4260        250          0         12        632      33734   sdio_sdcard.o
       710         30          0          0          0       1670   sdram.o
      1920        130       1077          0        402       8017   spb.o
       682         66          0          4          0       4951   spblcd.o
       204         24          0          0          0       2076   spi.o
        80         26        428          0       4096        872   startup_stm32f429xx.o
      1218         18          0          0          0       6115   stproc.o
       248          4          0          0          0       1403   subband.o
       574         44          0          0          0       5484   sys.o
         0          0        256          0          0        654   tables.o
      4608       1014          0          2       6080     309235   test.o
       152          6          0          0          0       1064   text.o
       320         38          0          8          0       2781   timer.o
      3618        104       1216         12          0      24233   tjpgd.o
      3196        252        125         76          0      11677   touch.o
         0          0       2024          0          0       1056   trigtabs.o
       338         36          0          6        200       4484   usart.o
       356         44          0          2        800       2318   usart3.o
       870         74          0          2          0       8279   w25qxx.o
      1232        242          0          2         32       5893   wavplay.o
       660         36          0        130          0       8487   wm8978.o

    ----------------------------------------------------------------------
    121164       6886      66968        588   33748700    1018953   Object Totals
         0          0         32          0          0          0   (incl. Generated)
       130          0         28         20         16          0   (incl. Padding)

    ----------------------------------------------------------------------

      Code (inc. data)   RO Data    RW Data    ZI Data      Debug   Library Member Name

        24          4          0          0          0         84   __2printf.o
        44          6          0          0          0         84   __2sprintf.o
        90          0          0          0          0          0   __dczerorl2.o
         8          0          0          0          0         68   __main.o
       392          4         17          0          0         92   __printf_flags_ss_wp.o
        14          0          0          0          0         68   __printf_wp.o
         0          0          0          0          0          0   __rtentry.o
        12          0          0          0          0          0   __rtentry2.o
         6          0          0          0          0          0   __rtentry4.o
        52          8          0          0          0          0   __scatter.o
        28          0          0          0          0          0   __scatter_zi.o
        44          0          0          0          0        108   _printf_char.o
        48          6          0          0          0         96   _printf_char_common.o
        36          4          0          0          0         80   _printf_char_file.o
         6          0          0          0          0          0   _printf_d.o
       120         16          0          0          0         92   _printf_dec.o
         6          0          0          0          0          0   _printf_f.o
      1050          0          0          0          0        216   _printf_fp_dec.o
       128         16          0          0          0         84   _printf_fp_infnan.o
       148          4         40          0          0        160   _printf_hex_int_ll_ptr.o
       178          0          0          0          0         88   _printf_intcommon.o
        78          0          0          0          0        108   _printf_pad.o
         0          0          0          0          0          0   _printf_percent.o
         4          0          0          0          0          0   _printf_percent_end.o
         6          0          0          0          0          0   _printf_s.o
        82          0          0          0          0         80   _printf_str.o
         6          0          0          0          0          0   _printf_u.o
         6          0          0          0          0          0   _printf_x.o
        22          0          0          0          0        100   _rserrno.o
        10          0          0          0          0         68   _sputc.o
       220          4        148          0          0         96   bigflt0.o
      1910        128          0          0          0        672   btod.o
        18          0          0          0          0         80   exit.o
         8          0          0          0          0         68   ferror.o
         6          0          0          0          0        152   heapauxi.o
        44         10         28          0          0         76   lc_numeric_c.o
         2          0          0          0          0          0   libinit.o
        22          0          0          0          0          0   libinit2.o
         2          0          0          0          0          0   libshutdown.o
         2          0          0          0          0          0   libshutdown2.o
         8          4          0          0         96         68   libspace.o
        72          0          0          0          0         76   llsdiv.o
        38          0          0          0          0         68   llsshr.o
       138          0          0          0          0         80   lludiv10.o
       238          0          0          0          0        100   lludivv7m.o
        88          0          0          0          0         76   memcmp.o
         8          4          0          0          0         68   rt_errno_addr_intlibspace.o
         8          4          0          0          0         68   rt_locale_intlibspace.o
        68          0          0          0          0         68   rt_memclr.o
        78          0          0          0          0         80   rt_memclr_w.o
       138          0          0          0          0         68   rt_memcpy_v6.o
       100          0          0          0          0         80   rt_memcpy_w.o
       132          0          0          0          0         68   rt_memmove_v6.o
       122          0          0          0          0         80   rt_memmove_w.o
         2          0          0          0          0          0   rtexit.o
        10          0          0          0          0          0   rtexit2.o
        24          0          0          0          0         68   strcat.o
       128          0          0          0          0         68   strcmpv7m.o
        72          0          0          0          0         80   strcpy.o
        62          0          0          0          0         76   strlen.o
       150          0          0          0          0         80   strncmp.o
        86          0          0          0          0         76   strncpy.o
        36          0          0          0          0         80   strstr.o
        74          0          0          0          0         80   sys_stackheap_outer.o
         2          0          0          0          0         68   use_no_semi.o
         2          0          0          0          0         68   use_no_semi_2.o
       826         16          0          0          0        492   daddsub_clz.o
        24          0          0          0          0        116   dcmpi.o
        90          4          0          0          0        140   dfixu.o
        38          0          0          0          0        116   dflt_clz.o
       120          4          0          0          0        140   dleqf.o
       340         12          0          0          0        152   dmul.o
       156          4          0          0          0        140   dnaninf.o
        12          0          0          0          0        116   dretinf.o
       108          0          0          0          0        128   drleqf.o
       408         56          0          0          0        168   dsqrt_umaal.o
        86          4          0          0          0        132   f2d.o
       140          4          0          0          0        132   fnaninf.o
        10          0          0          0          0        116   fpinit.o
         4          0          0          0          0        116   printf1.o
         0          0          0          0          0          0   usenofp.o
        48          0          0          0          0        124   fpclassify.o
       122          0          0          0          0        148   sqrt.o

    ----------------------------------------------------------------------
      9308        326        236          0         96       7088   Library Totals
        10          0          3          0          0          0   (incl. Padding)

    ----------------------------------------------------------------------

      Code (inc. data)   RO Data    RW Data    ZI Data      Debug   Library Name

      6766        222        233          0         96       4612   c_w.l
      2362        104          0          0          0       2204   fz_wm.l
       170          0          0          0          0        272   m_wm.l

    ----------------------------------------------------------------------
      9308        326        236          0         96       7088   Library Totals

    ----------------------------------------------------------------------

==============================================================================


      Code (inc. data)   RO Data    RW Data    ZI Data      Debug   

    130472       7212      67204        588   33748796     956489   Grand Totals
    130472       7212      67204        132   33748796     956489   ELF Image Totals (compressed)
    130472       7212      67204        132          0          0   ROM Totals

==============================================================================

    Total RO  Size (Code + RO Data)               197676 ( 193.04kB)
    Total RW  Size (RW Data + ZI Data)          33749384 (32958.38kB)
    Total ROM Size (Code + RO Data + RW Data)     197808 ( 193.17kB)

==============================================================================

